
Discarded input sections

 .bss           0x0000000000000000        0x0 build/DrawImage.o
 .ARM.attributes
                0x0000000000000000       0x14 build/DrawImage.o
 .bss           0x0000000000000000        0x0 build/alien.o
 .ARM.attributes
                0x0000000000000000       0x14 build/alien.o
 .bss           0x0000000000000000        0x0 build/alien1_a.o
 .ARM.attributes
                0x0000000000000000       0x14 build/alien1_a.o
 .bss           0x0000000000000000        0x0 build/alien1_b.o
 .ARM.attributes
                0x0000000000000000       0x14 build/alien1_b.o
 .bss           0x0000000000000000        0x0 build/alien2_a.o
 .ARM.attributes
                0x0000000000000000       0x14 build/alien2_a.o
 .bss           0x0000000000000000        0x0 build/alien2_b.o
 .ARM.attributes
                0x0000000000000000       0x14 build/alien2_b.o
 .bss           0x0000000000000000        0x0 build/alien3_a.o
 .ARM.attributes
                0x0000000000000000       0x14 build/alien3_a.o
 .bss           0x0000000000000000        0x0 build/alien3_b.o
 .ARM.attributes
                0x0000000000000000       0x14 build/alien3_b.o
 .bss           0x0000000000000000        0x0 build/drawing.o
 .ARM.attributes
                0x0000000000000000       0x14 build/drawing.o
 .bss           0x0000000000000000        0x0 build/figuras.o
 .ARM.attributes
                0x0000000000000000       0x14 build/figuras.o
 .bss           0x0000000000000000        0x0 build/frameBuffer.o
 .ARM.attributes
                0x0000000000000000       0x14 build/frameBuffer.o
 .bss           0x0000000000000000        0x0 build/gpio.o
 .ARM.attributes
                0x0000000000000000       0x14 build/gpio.o
 .bss           0x0000000000000000        0x0 build/mailbox.o
 .ARM.attributes
                0x0000000000000000       0x14 build/mailbox.o
 .bss           0x0000000000000000        0x0 build/main.o
 .ARM.attributes
                0x0000000000000000       0x14 build/main.o
 .bss           0x0000000000000000        0x0 build/maths.o
 .ARM.attributes
                0x0000000000000000       0x14 build/maths.o
 .bss           0x0000000000000000        0x0 build/random.o
 .ARM.attributes
                0x0000000000000000       0x14 build/random.o
 .bss           0x0000000000000000        0x0 build/screen.o
 .ARM.attributes
                0x0000000000000000       0x14 build/screen.o
 .bss           0x0000000000000000        0x0 build/systemTimer.o
 .ARM.attributes
                0x0000000000000000       0x14 build/systemTimer.o
 .bss           0x0000000000000000        0x0 build/tags.o
 .ARM.attributes
                0x0000000000000000       0x14 build/tags.o
 .bss           0x0000000000000000        0x0 build/tank.o
 .ARM.attributes
                0x0000000000000000       0x14 build/tank.o
 .bss           0x0000000000000000        0x0 build/text.o
 .ARM.attributes
                0x0000000000000000       0x14 build/text.o

Memory Configuration

Name             Origin             Length             Attributes
*default*        0x0000000000000000 0xffffffffffffffff

Linker script and memory map

LOAD build/DrawImage.o
LOAD build/alien.o
LOAD build/alien1_a.o
LOAD build/alien1_b.o
LOAD build/alien2_a.o
LOAD build/alien2_b.o
LOAD build/alien3_a.o
LOAD build/alien3_b.o
LOAD build/drawing.o
LOAD build/figuras.o
LOAD build/frameBuffer.o
LOAD build/gpio.o
LOAD build/mailbox.o
LOAD build/main.o
LOAD build/maths.o
LOAD build/random.o
LOAD build/screen.o
LOAD build/systemTimer.o
LOAD build/tags.o
LOAD build/tank.o
LOAD build/text.o

.init           0x0000000000008000        0x4
 *(.init)
 .init          0x0000000000008000        0x4 build/main.o
                0x0000000000008000                _start

.text           0x0000000000008004      0xb58
 *(.text)
 .text          0x0000000000008004       0x60 build/DrawImage.o
                0x0000000000008004                DrawImage
 .text          0x0000000000008064      0x1d8 build/alien.o
                0x0000000000008064                alien
 .text          0x000000000000823c        0x0 build/alien1_a.o
 .text          0x000000000000823c        0x0 build/alien1_b.o
 .text          0x000000000000823c        0x0 build/alien2_a.o
 .text          0x000000000000823c        0x0 build/alien2_b.o
 .text          0x000000000000823c        0x0 build/alien3_a.o
 .text          0x000000000000823c        0x0 build/alien3_b.o
 .text          0x000000000000823c      0x1d4 build/drawing.o
                0x000000000000823c                SetForeColour
                0x0000000000008254                SetGraphicsAddress
                0x0000000000008260                DrawPixel
                0x00000000000082a8                DrawLine
                0x0000000000008324                DrawCharacter
                0x0000000000008390                DrawString
 .text          0x0000000000008410      0x278 build/figuras.o
                0x0000000000008410                DrawCircle
                0x0000000000008570                DrawRectangle
                0x00000000000085ac                DrawTriangle
                0x00000000000085f4                DrawTriangleI
                0x0000000000008640                DrawTriangleRectangle
 .text          0x0000000000008688       0x60 build/frameBuffer.o
                0x0000000000008688                InitialiseFrameBuffer
 .text          0x00000000000086e8       0x98 build/gpio.o
                0x00000000000086e8                GetGpioAddress
                0x00000000000086f0                SetGpioFunction
                0x0000000000008740                SetGpio
 .text          0x0000000000008780       0x6c build/mailbox.o
                0x0000000000008780                GetMailboxBase
                0x0000000000008788                MailboxRead
                0x00000000000087bc                MailboxWrite
 .text          0x00000000000087ec       0x48 build/main.o
 .text          0x0000000000008834       0x48 build/maths.o
                0x0000000000008834                DivideU32
 .text          0x000000000000887c       0x18 build/random.o
                0x000000000000887c                Random
 .text          0x0000000000008894       0x30 build/screen.o
                0x0000000000008894                screen1
                0x0000000000008898                screen2
                0x000000000000889c                screen3
                0x00000000000088a0                screen4
                0x00000000000088a4                screen5
                0x00000000000088a8                clear
 .text          0x00000000000088c4       0x40 build/systemTimer.o
                0x00000000000088c4                GetSystemTimerBase
                0x00000000000088cc                GetTimeStamp
                0x00000000000088dc                Wait
 .text          0x0000000000008904       0x74 build/tags.o
                0x0000000000008904                FindTag
 .text          0x0000000000008978        0x0 build/tank.o
                0x0000000000008978                tank
 .text          0x0000000000008978      0x1e4 build/text.o
                0x0000000000008978                ReverseString
                0x00000000000089a4                UnsignedString
                0x00000000000089f4                SignedString
                0x0000000000008a20                FormatString

.data           0x0000000000009000    0x12034
 *(.data)
 .data          0x0000000000009000        0x0 build/DrawImage.o
 .data          0x0000000000009000        0x0 build/alien.o
 .data          0x0000000000009000     0x2c04 build/alien1_a.o
                0x0000000000009000                alien1_aHeight
                0x0000000000009002                alien1_aWidth
                0x0000000000009004                alien1_a
 .data          0x000000000000bc04     0x2c04 build/alien1_b.o
                0x000000000000bc04                alien1_bHeight
                0x000000000000bc06                alien1_bWidth
                0x000000000000bc08                alien1_b
 .data          0x000000000000e808     0x2004 build/alien2_a.o
                0x000000000000e808                alien2_aHeight
                0x000000000000e80a                alien2_aWidth
                0x000000000000e80c                alien2_a
 .data          0x000000000001080c     0x2004 build/alien2_b.o
                0x000000000001080c                alien2_bHeight
                0x000000000001080e                alien2_bWidth
                0x0000000000010810                alien2_b
 .data          0x0000000000012810     0x3004 build/alien3_a.o
                0x0000000000012810                alien3_aHeight
                0x0000000000012812                alien3_aWidth
                0x0000000000012814                alien3_a
 .data          0x0000000000015814     0x3004 build/alien3_b.o
                0x0000000000015814                alien3_bHeight
                0x0000000000015816                alien3_bWidth
                0x0000000000015818                alien3_b
 *fill*         0x0000000000018818        0x8 
 .data          0x0000000000018820      0x810 build/drawing.o
                0x0000000000018824                graphicsAddress
 .data          0x0000000000019030        0x0 build/figuras.o
 *fill*         0x0000000000019030      0xfd0 
 .data          0x000000000001a000     0x1000 build/frameBuffer.o
                0x000000000001a000                FrameBufferInfo
 .data          0x000000000001b000        0x0 build/gpio.o
 .data          0x000000000001b000        0x0 build/mailbox.o
 .data          0x000000000001b000        0x0 build/main.o
 .data          0x000000000001b000        0x0 build/maths.o
 .data          0x000000000001b000        0x0 build/random.o
 .data          0x000000000001b000        0x0 build/screen.o
 .data          0x000000000001b000        0x0 build/systemTimer.o
 .data          0x000000000001b000       0x24 build/tags.o
 .data          0x000000000001b024       0x10 build/tank.o
                0x000000000001b024                player_position
                0x000000000001b028                player_lives
                0x000000000001b02c                player_points
                0x000000000001b030                player_special
 .data          0x000000000001b034        0x0 build/text.o

/DISCARD/
 *(*)
OUTPUT(build/output.elf elf32-littlearm)
