Archive member included because of file (symbol)

./libcsud.a(device.keyboard.c.o)
                              build/keyboard.o (KeyboardGetAddress)
./libcsud.a(platform.c.o)     ./libcsud.a(device.keyboard.c.o) (MemoryAllocate)
./libcsud.a(usbd.c.o)         build/main.o (UsbInitialise)
./libcsud.a(device.hid.c.o)   ./libcsud.a(device.keyboard.c.o) (HidReadDevice)
./libcsud.a(device.hub.c.o)   ./libcsud.a(usbd.c.o) (HubPortReset)
./libcsud.a(hcd.designware20.c.o)
                              ./libcsud.a(usbd.c.o) (HcdSumbitControlMessage)
./libcsud.a(hcd.designware20.roothub.c.o)
                              ./libcsud.a(hcd.designware20.c.o) (HcdProcessRootHubMessage)
./libcsud.a(platform.armv6.c.o)
                              ./libcsud.a(hcd.designware20.c.o) (__aeabi_uidiv)
./libcsud.a(platform.broadcom2835.c.o)
                              ./libcsud.a(usbd.c.o) (MicroDelay)

Allocating common symbols
Common symbol       size              file

CorePhysical        0x4               ./libcsud.a(hcd.designware20.c.o)
DeviceNumbers       0x4               ./libcsud.a(usbd.c.o)
HostPhysical        0x4               ./libcsud.a(hcd.designware20.c.o)
keyboards           0x10              ./libcsud.a(device.keyboard.c.o)
PowerPhysical       0x4               ./libcsud.a(hcd.designware20.c.o)
Heap                0x4000            ./libcsud.a(platform.c.o)
Allocations         0xc00             ./libcsud.a(platform.c.o)

Discarded input sections

 .bss           0x0000000000000000        0x0 build/DrawImage.o
 .ARM.attributes
                0x0000000000000000       0x14 build/DrawImage.o
 .bss           0x0000000000000000        0x0 build/alien.o
 .ARM.attributes
                0x0000000000000000       0x14 build/alien.o
 .bss           0x0000000000000000        0x0 build/alien1_a.o
 .ARM.attributes
                0x0000000000000000       0x14 build/alien1_a.o
 .bss           0x0000000000000000        0x0 build/alien1_b.o
 .ARM.attributes
                0x0000000000000000       0x14 build/alien1_b.o
 .bss           0x0000000000000000        0x0 build/alien2_a.o
 .ARM.attributes
                0x0000000000000000       0x14 build/alien2_a.o
 .bss           0x0000000000000000        0x0 build/alien2_b.o
 .ARM.attributes
                0x0000000000000000       0x14 build/alien2_b.o
 .bss           0x0000000000000000        0x0 build/alien3_a.o
 .ARM.attributes
                0x0000000000000000       0x14 build/alien3_a.o
 .bss           0x0000000000000000        0x0 build/alien3_b.o
 .ARM.attributes
                0x0000000000000000       0x14 build/alien3_b.o
 .bss           0x0000000000000000        0x0 build/drawing.o
 .ARM.attributes
                0x0000000000000000       0x14 build/drawing.o
 .bss           0x0000000000000000        0x0 build/figuras.o
 .ARM.attributes
                0x0000000000000000       0x14 build/figuras.o
 .bss           0x0000000000000000        0x0 build/frameBuffer.o
 .ARM.attributes
                0x0000000000000000       0x14 build/frameBuffer.o
 .bss           0x0000000000000000        0x0 build/gpio.o
 .ARM.attributes
                0x0000000000000000       0x14 build/gpio.o
 .bss           0x0000000000000000        0x0 build/keyboard.o
 .ARM.attributes
                0x0000000000000000       0x14 build/keyboard.o
 .bss           0x0000000000000000        0x0 build/mailbox.o
 .ARM.attributes
                0x0000000000000000       0x14 build/mailbox.o
 .bss           0x0000000000000000        0x0 build/main.o
 .ARM.attributes
                0x0000000000000000       0x14 build/main.o
 .bss           0x0000000000000000        0x0 build/mann.o
 .ARM.attributes
                0x0000000000000000       0x14 build/mann.o
 .bss           0x0000000000000000        0x0 build/maths.o
 .ARM.attributes
                0x0000000000000000       0x14 build/maths.o
 .bss           0x0000000000000000        0x0 build/menu.o
 .ARM.attributes
                0x0000000000000000       0x14 build/menu.o
 .bss           0x0000000000000000        0x0 build/random.o
 .ARM.attributes
                0x0000000000000000       0x14 build/random.o
 .bss           0x0000000000000000        0x0 build/screen.o
 .ARM.attributes
                0x0000000000000000       0x14 build/screen.o
 .bss           0x0000000000000000        0x0 build/select.o
 .ARM.attributes
                0x0000000000000000       0x14 build/select.o
 .bss           0x0000000000000000        0x0 build/systemTimer.o
 .ARM.attributes
                0x0000000000000000       0x14 build/systemTimer.o
 .bss           0x0000000000000000        0x0 build/tags.o
 .ARM.attributes
                0x0000000000000000       0x14 build/tags.o
 .bss           0x0000000000000000        0x0 build/tank.o
 .ARM.attributes
                0x0000000000000000       0x14 build/tank.o
 .bss           0x0000000000000000        0x0 build/tank_blue.o
 .ARM.attributes
                0x0000000000000000       0x14 build/tank_blue.o
 .bss           0x0000000000000000        0x0 build/tank_green.o
 .ARM.attributes
                0x0000000000000000       0x14 build/tank_green.o
 .bss           0x0000000000000000        0x0 build/tank_red.o
 .ARM.attributes
                0x0000000000000000       0x14 build/tank_red.o
 .bss           0x0000000000000000        0x0 build/tank_white.o
 .ARM.attributes
                0x0000000000000000       0x14 build/tank_white.o
 .bss           0x0000000000000000        0x0 build/text.o
 .ARM.attributes
                0x0000000000000000       0x14 build/text.o
 .bss           0x0000000000000000        0x0 build/voyage.o
 .ARM.attributes
                0x0000000000000000       0x14 build/voyage.o

Memory Configuration

Name             Origin             Length             Attributes
*default*        0x0000000000000000 0xffffffffffffffff

Linker script and memory map

LOAD build/DrawImage.o
LOAD build/alien.o
LOAD build/alien1_a.o
LOAD build/alien1_b.o
LOAD build/alien2_a.o
LOAD build/alien2_b.o
LOAD build/alien3_a.o
LOAD build/alien3_b.o
LOAD build/drawing.o
LOAD build/figuras.o
LOAD build/frameBuffer.o
LOAD build/gpio.o
LOAD build/keyboard.o
LOAD build/mailbox.o
LOAD build/main.o
LOAD build/mann.o
LOAD build/maths.o
LOAD build/menu.o
LOAD build/random.o
LOAD build/screen.o
LOAD build/select.o
LOAD build/systemTimer.o
LOAD build/tags.o
LOAD build/tank.o
LOAD build/tank_blue.o
LOAD build/tank_green.o
LOAD build/tank_red.o
LOAD build/tank_white.o
LOAD build/text.o
LOAD build/voyage.o
LOAD ./libcsud.a

.init           0x0000000000008000        0x4
 *(.init)
 .init          0x0000000000008000        0x4 build/main.o
                0x0000000000008000                _start

.data           0x0000000000009000   0x7f80aa
 *(.data)
 .data          0x0000000000009000        0x0 build/DrawImage.o
 .data          0x0000000000009000        0x0 build/alien.o
 .data          0x0000000000009000     0x2c04 build/alien1_a.o
                0x0000000000009000                alien1_aHeight
                0x0000000000009002                alien1_aWidth
                0x0000000000009004                alien1_a
 .data          0x000000000000bc04     0x2c04 build/alien1_b.o
                0x000000000000bc04                alien1_bHeight
                0x000000000000bc06                alien1_bWidth
                0x000000000000bc08                alien1_b
 .data          0x000000000000e808     0x2004 build/alien2_a.o
                0x000000000000e808                alien2_aHeight
                0x000000000000e80a                alien2_aWidth
                0x000000000000e80c                alien2_a
 .data          0x000000000001080c     0x2004 build/alien2_b.o
                0x000000000001080c                alien2_bHeight
                0x000000000001080e                alien2_bWidth
                0x0000000000010810                alien2_b
 .data          0x0000000000012810     0x3004 build/alien3_a.o
                0x0000000000012810                alien3_aHeight
                0x0000000000012812                alien3_aWidth
                0x0000000000012814                alien3_a
 .data          0x0000000000015814     0x3004 build/alien3_b.o
                0x0000000000015814                alien3_bHeight
                0x0000000000015816                alien3_bWidth
                0x0000000000015818                alien3_b
 *fill*         0x0000000000018818        0x8 
 .data          0x0000000000018820   0x1cb810 build/drawing.o
                0x0000000000018824                graphicsAddress
 .data          0x00000000001e4030        0x0 build/figuras.o
 *fill*         0x00000000001e4030      0xfd0 
 .data          0x00000000001e5000     0x1000 build/frameBuffer.o
                0x00000000001e5000                FrameBufferInfo
 .data          0x00000000001e6000        0x0 build/gpio.o
 .data          0x00000000001e6000       0xe0 build/keyboard.o
 .data          0x00000000001e60e0        0x0 build/mailbox.o
 .data          0x00000000001e60e0        0x8 build/main.o
                0x00000000001e60e0                Button
                0x00000000001e60e4                Led
 .data          0x00000000001e60e8   0x180004 build/mann.o
                0x00000000001e60e8                mannHeight
                0x00000000001e60ea                mannWidth
                0x00000000001e60ec                mann
 .data          0x00000000003660ec        0x0 build/maths.o
 .data          0x00000000003660ec   0x180004 build/menu.o
                0x00000000003660ec                menuHeight
                0x00000000003660ee                menuWidth
                0x00000000003660f0                menu
 .data          0x00000000004e60f0        0x0 build/random.o
 .data          0x00000000004e60f0        0x0 build/screen.o
 .data          0x00000000004e60f0   0x180004 build/select.o
                0x00000000004e60f0                selectHeight
                0x00000000004e60f2                selectWidth
                0x00000000004e60f4                select
 .data          0x00000000006660f4        0x0 build/systemTimer.o
 .data          0x00000000006660f4       0x24 build/tags.o
 .data          0x0000000000666118        0x0 build/tank.o
 .data          0x0000000000666118     0x3c04 build/tank_blue.o
                0x0000000000666118                tank_blueHeight
                0x000000000066611a                tank_blueWidth
                0x000000000066611c                tank_blue
 .data          0x0000000000669d1c     0x3c04 build/tank_green.o
                0x0000000000669d1c                tank_greenHeight
                0x0000000000669d1e                tank_greenWidth
                0x0000000000669d20                tank_green
 .data          0x000000000066d920     0x3c04 build/tank_red.o
                0x000000000066d920                tank_redHeight
                0x000000000066d922                tank_redWidth
                0x000000000066d924                tank_red
 .data          0x0000000000671524     0x3c04 build/tank_white.o
                0x0000000000671524                tank_whiteHeight
                0x0000000000671526                tank_whiteWidth
                0x0000000000671528                tank_white
 .data          0x0000000000675128        0x0 build/text.o
 .data          0x0000000000675128   0x180004 build/voyage.o
                0x0000000000675128                voyageHeight
                0x000000000067512a                voyageWidth
                0x000000000067512c                voyage
 .data          0x00000000007f512c        0x0 ./libcsud.a(device.keyboard.c.o)
 .data          0x00000000007f512c        0x4 ./libcsud.a(platform.c.o)
                0x00000000007f512c                FirstAllocation
 .data          0x00000000007f5130        0x0 ./libcsud.a(usbd.c.o)
 .data          0x00000000007f5130        0x0 ./libcsud.a(device.hid.c.o)
 .data          0x00000000007f5130        0x0 ./libcsud.a(device.hub.c.o)
 .data          0x00000000007f5130        0x0 ./libcsud.a(hcd.designware20.c.o)
 .data          0x00000000007f5130       0x64 ./libcsud.a(hcd.designware20.roothub.c.o)
                0x00000000007f5130                DeviceDescriptor
                0x00000000007f5144                ConfigurationDescriptor
                0x00000000007f5160                String0
                0x00000000007f5164                String1
                0x00000000007f5188                HubDescriptor
 .data          0x00000000007f5194        0x0 ./libcsud.a(platform.armv6.c.o)
 .data          0x00000000007f5194        0x0 ./libcsud.a(platform.broadcom2835.c.o)
 *.c.o(*)
 .text          0x00000000007f5194     0x1000 ./libcsud.a(device.keyboard.c.o)
                0x00000000007f5194                KeyboardDetached
                0x00000000007f5210                KeyboardDeallocate
                0x00000000007f5288                KeyboardIndex
                0x00000000007f52e0                KeyboardGetAddress
                0x00000000007f5328                KeyboardScan
                0x00000000007f59f4                KeyboardCount
                0x00000000007f5a04                KeyboardSetLeds
                0x00000000007f5c20                KeyboardGetLedSupport
                0x00000000007f5c6c                KeyboardPoll
                0x00000000007f5fb0                KeyboardGetModifiers
                0x00000000007f5ffc                KeyboardGetKeyDownCount
                0x00000000007f6060                KeyboadGetKeyIsDown
                0x00000000007f6118                KeyboardGetKeyDown
 .bss           0x00000000007f6194       0x14 ./libcsud.a(device.keyboard.c.o)
                0x00000000007f6194                keyboardAddresses
                0x00000000007f61a4                keyboardCount
 .comment       0x00000000007f61a8       0x11 ./libcsud.a(device.keyboard.c.o)
                                         0x12 (size before relaxing)
 .ARM.attributes
                0x00000000007f61b9       0x32 ./libcsud.a(device.keyboard.c.o)
 *fill*         0x00000000007f61eb        0x1 
 COMMON         0x00000000007f61ec       0x10 ./libcsud.a(device.keyboard.c.o)
                0x00000000007f61ec                keyboards
 .text          0x00000000007f61fc      0x5c0 ./libcsud.a(platform.c.o)
                0x00000000007f61fc                MemoryReserve
                0x00000000007f6204                MemoryAllocate
                0x00000000007f6654                MemoryDeallocate
                0x00000000007f676c                MemoryCopy
 .bss           0x00000000007f67bc        0x8 ./libcsud.a(platform.c.o)
                0x00000000007f67bc                FirstFreeAllocation
                0x00000000007f67c0                allocated
 .comment       0x0000000000000000       0x12 ./libcsud.a(platform.c.o)
 .ARM.attributes
                0x00000000007f67c4       0x32 ./libcsud.a(platform.c.o)
 *fill*         0x00000000007f67f6        0x2 
 COMMON         0x00000000007f67f8     0x4c00 ./libcsud.a(platform.c.o)
                0x00000000007f67f8                Heap
                0x00000000007fa7f8                Allocations
 .text          0x00000000007fb3f8     0x10e8 ./libcsud.a(usbd.c.o)
                0x00000000007fb3f8                UsbGetRootHub
                0x00000000007fb408                UsbPrintDeviceTree
                0x00000000007fb4d4                UsbControlMessage
                0x00000000007fb5cc                UsbGetDescriptor
                0x00000000007fb6b8                UsbGetString
                0x00000000007fb724                UsbReadStringLang
                0x00000000007fb7a8                UsbReadString
                0x00000000007fb8a8                UsbReadDeviceDescriptor
                0x00000000007fb9e8                UsbSetAddress
                0x00000000007fbac8                UsbSetConfiguration
                0x00000000007fbb9c                UsbConfigure
                0x00000000007fbd6c                UsbGetDescription
                0x00000000007fc01c                UsbScanDevice
                0x00000000007fc244                UsbAllocateDevice
                0x00000000007fc300                UsbDeallocateDevice
                0x00000000007fc418                UsbScanRootHub
                0x00000000007fc468                UsbInitialise
                0x00000000007fc4c4                UsbCheckForChange
 .bss           0x00000000007fc4e0        0x4 ./libcsud.a(usbd.c.o)
                0x00000000007fc4e0                RootHub
 .rodata        0x00000000007fc4e4      0x248 ./libcsud.a(usbd.c.o)
 .rodata.str1.4
                0x00000000007fc72c       0x10 ./libcsud.a(usbd.c.o)
 .comment       0x0000000000000000       0x12 ./libcsud.a(usbd.c.o)
 .ARM.attributes
                0x00000000007fc73c       0x32 ./libcsud.a(usbd.c.o)
 *fill*         0x00000000007fc76e        0x2 
 COMMON         0x00000000007fc770        0x4 ./libcsud.a(usbd.c.o)
                0x00000000007fc770                DeviceNumbers
 .text          0x00000000007fc774     0x1b24 ./libcsud.a(device.hid.c.o)
                0x00000000007fc774                HidEnumerateActionCountField
                0x00000000007fc89c                HidDetached
                0x00000000007fc8d8                HidEnumerateActionAddField
                0x00000000007fd0e0                HidDeallocate
                0x00000000007fd234                HidEnumerateActionCountReport
                0x00000000007fd2ec                HidGetReport
                0x00000000007fd3a8                HidSetReport
                0x00000000007fd458                BitSet
                0x00000000007fd584                BitGetUnsigned
                0x00000000007fd68c                BitGetSigned
                0x00000000007fd6b8                HidReadDevice
                0x00000000007fd8b4                HidWriteDevice
                0x00000000007fda60                HidSetProtocol
                0x00000000007fdb10                HidEnumerateReport
                0x00000000007fdc68                HidParseReportDescriptor
                0x00000000007fdf98                HidScan
                0x00000000007fe288                HidGetFieldValue
 .bss           0x00000000007fe298        0x0 ./libcsud.a(device.hid.c.o)
 .comment       0x0000000000000000       0x12 ./libcsud.a(device.hid.c.o)
 .ARM.attributes
                0x00000000007fe298       0x32 ./libcsud.a(device.hid.c.o)
 *fill*         0x00000000007fe2ca        0x2 
 .text          0x00000000007fe2cc      0xd34 ./libcsud.a(device.hub.c.o)
                0x00000000007fe2cc                HubDetached
                0x00000000007fe36c                HubDeallocate
                0x00000000007fe448                HubReadDescriptor
                0x00000000007fe540                HubGetStatus
                0x00000000007fe618                HubPortGetStatus
                0x00000000007fe6f8                HubChangeFeature
                0x00000000007fe7ac                HubChangePortFeature
                0x00000000007fe868                HubPowerOn
                0x00000000007fe910                HubPortReset
                0x00000000007fe9e4                HubPortConnectionChanged
                0x00000000007febec                HubCheckConnection
                0x00000000007fed20                HubRecursiveCheck
                0x00000000007fede8                HubScan
 .bss           0x00000000007ff000        0x0 ./libcsud.a(device.hub.c.o)
 .comment       0x0000000000000000       0x12 ./libcsud.a(device.hub.c.o)
 .ARM.attributes
                0x00000000007ff000       0x32 ./libcsud.a(device.hub.c.o)
 *fill*         0x00000000007ff032        0x2 
 .text          0x00000000007ff034     0x160c ./libcsud.a(hcd.designware20.c.o)
                0x00000000007ff034                WriteThroughRegMask
                0x00000000007ff0c8                WriteThroughReg
                0x00000000007ff0d0                ReadBackReg
                0x00000000007ff174                ClearReg
                0x00000000007ff1dc                SetReg
                0x00000000007ff278                HcdReset
                0x00000000007ff328                HcdTransmitFifoFlush
                0x00000000007ff3bc                HcdReceiveFifoFlush
                0x00000000007ff434                HcdPrepareChannel
                0x00000000007ff74c                HcdTransmitChannel
                0x00000000007ff7f8                HcdChannelInterruptToError
                0x00000000007ff8d4                HcdChannelSendWaitOne
                0x00000000007ffb90                HcdChannelSendWait
                0x00000000007ffca8                HcdSumbitControlMessage
                0x00000000007ffef0                HcdInitialise
                0x0000000000800084                HcdStart
                0x00000000008005e0                HcdStop
                0x0000000000800604                HcdDeinitialise
 .bss           0x0000000000800640       0x14 ./libcsud.a(hcd.designware20.c.o)
                0x0000000000800640                Core
                0x0000000000800644                Host
                0x0000000000800648                Power
                0x000000000080064c                databuffer
                0x0000000000800650                PhyInitialised
 .comment       0x0000000000000000       0x12 ./libcsud.a(hcd.designware20.c.o)
 .ARM.attributes
                0x0000000000800654       0x32 ./libcsud.a(hcd.designware20.c.o)
 *fill*         0x0000000000800686        0x2 
 COMMON         0x0000000000800688        0xc ./libcsud.a(hcd.designware20.c.o)
                0x0000000000800688                CorePhysical
                0x000000000080068c                HostPhysical
                0x0000000000800690                PowerPhysical
 .text          0x0000000000800694      0x6f0 ./libcsud.a(hcd.designware20.roothub.c.o)
                0x0000000000800694                HcdProcessRootHubMessage
 .bss           0x0000000000800d84        0x4 ./libcsud.a(hcd.designware20.roothub.c.o)
                0x0000000000800d84                RootHubDeviceNumber
 .comment       0x0000000000000000       0x12 ./libcsud.a(hcd.designware20.roothub.c.o)
 .ARM.attributes
                0x0000000000800d88       0x32 ./libcsud.a(hcd.designware20.roothub.c.o)
 *fill*         0x0000000000800dba        0x2 
 .text          0x0000000000800dbc      0x16c ./libcsud.a(platform.armv6.c.o)
                0x0000000000800dbc                __aeabi_uidivmod
                0x0000000000800ef0                __aeabi_uidiv
 .bss           0x0000000000800f28        0x0 ./libcsud.a(platform.armv6.c.o)
 .comment       0x0000000000000000       0x12 ./libcsud.a(platform.armv6.c.o)
 .ARM.attributes
                0x0000000000800f28       0x32 ./libcsud.a(platform.armv6.c.o)
 *fill*         0x0000000000800f5a        0x2 
 .text          0x0000000000800f5c      0x11c ./libcsud.a(platform.broadcom2835.c.o)
                0x0000000000800f5c                MicroDelay
                0x0000000000800fcc                PowerOnUsb
 .bss           0x0000000000801078        0x0 ./libcsud.a(platform.broadcom2835.c.o)
 .comment       0x0000000000000000       0x12 ./libcsud.a(platform.broadcom2835.c.o)
 .ARM.attributes
                0x0000000000801078       0x32 ./libcsud.a(platform.broadcom2835.c.o)

.text           0x00000000008010ac     0x1228
 *.c.o(.text)
 *(.text)
 .text          0x00000000008010ac      0x140 build/DrawImage.o
                0x00000000008010ac                DrawImage
                0x0000000000801108                DrawImageTransparency
                0x0000000000801170                DrawBackground
 .text          0x00000000008011ec      0x204 build/alien.o
                0x00000000008011ec                alien
                0x0000000000801310                alienAlive
                0x000000000080134c                alienxPosition
                0x0000000000801388                alienyPosition
 .text          0x00000000008013f0        0x0 build/alien1_a.o
 .text          0x00000000008013f0        0x0 build/alien1_b.o
 .text          0x00000000008013f0        0x0 build/alien2_a.o
 .text          0x00000000008013f0        0x0 build/alien2_b.o
 .text          0x00000000008013f0        0x0 build/alien3_a.o
 .text          0x00000000008013f0        0x0 build/alien3_b.o
 .text          0x00000000008013f0      0x1dc build/drawing.o
                0x00000000008013f0                SetForeColour
                0x0000000000801408                SetGraphicsAddress
                0x0000000000801414                DrawPixel
                0x0000000000801460                DrawLine
                0x00000000008014dc                DrawCharacter
                0x0000000000801548                DrawString
 .text          0x00000000008015cc      0x278 build/figuras.o
                0x00000000008015cc                DrawCircle
                0x000000000080172c                DrawRectangle
                0x0000000000801768                DrawTriangle
                0x00000000008017b0                DrawTriangleI
                0x00000000008017fc                DrawTriangleRectangle
 .text          0x0000000000801844       0x60 build/frameBuffer.o
                0x0000000000801844                InitialiseFrameBuffer
 .text          0x00000000008018a4       0xb8 build/gpio.o
                0x00000000008018a4                GetGpioAddress
                0x00000000008018ac                SetGpioFunction
                0x00000000008018fc                SetGpio
                0x0000000000801938                GetGpio
 .text          0x000000000080195c      0x144 build/keyboard.o
                0x000000000080195c                KeyboardUpdate
                0x00000000008019e0                KeyWasDown
                0x0000000000801a10                KeyboardGetChar
 .text          0x0000000000801aa0       0x6c build/mailbox.o
                0x0000000000801aa0                GetMailboxBase
                0x0000000000801aa8                MailboxRead
                0x0000000000801adc                MailboxWrite
 .text          0x0000000000801b0c       0x84 build/main.o
 .text          0x0000000000801b90        0x0 build/mann.o
 .text          0x0000000000801b90       0x48 build/maths.o
                0x0000000000801b90                DivideU32
 .text          0x0000000000801bd8        0x0 build/menu.o
 .text          0x0000000000801bd8       0x18 build/random.o
                0x0000000000801bd8                Random
 .text          0x0000000000801bf0      0x150 build/screen.o
                0x0000000000801bf0                screen1
                0x0000000000801c2c                screen2
                0x0000000000801cc8                screen3
                0x0000000000801ce4                screenLoop
                0x0000000000801ce8                screen4
                0x0000000000801cec                screen5
                0x0000000000801cf0                clear
 .text          0x0000000000801d40        0x0 build/select.o
 .text          0x0000000000801d40       0x40 build/systemTimer.o
                0x0000000000801d40                GetSystemTimerBase
                0x0000000000801d48                GetTimeStamp
                0x0000000000801d58                Wait
 .text          0x0000000000801d80       0x74 build/tags.o
                0x0000000000801d80                FindTag
 .text          0x0000000000801df4      0x2fc build/tank.o
                0x0000000000801df4                tank
                0x000000000080208c                player_Xposition
                0x0000000000802090                player_Yposition
                0x0000000000802094                player_lives
                0x0000000000802098                player_points
                0x000000000080209c                player_special
                0x00000000008020a0                selectedTank
 .text          0x00000000008020f0        0x0 build/tank_blue.o
 .text          0x00000000008020f0        0x0 build/tank_green.o
 .text          0x00000000008020f0        0x0 build/tank_red.o
 .text          0x00000000008020f0        0x0 build/tank_white.o
 .text          0x00000000008020f0      0x1e4 build/text.o
                0x00000000008020f0                ReverseString
                0x000000000080211c                UnsignedString
                0x000000000080216c                SignedString
                0x0000000000802198                FormatString
 .text          0x00000000008022d4        0x0 build/voyage.o

/DISCARD/
 *(*)
OUTPUT(build/output.elf elf32-littlearm)
