
Discarded input sections

 .bss           0x0000000000000000        0x0 build/DrawImage.o
 .ARM.attributes
                0x0000000000000000       0x14 build/DrawImage.o
 .bss           0x0000000000000000        0x0 build/alien.o
 .ARM.attributes
                0x0000000000000000       0x14 build/alien.o
 .bss           0x0000000000000000        0x0 build/alien1_a.o
 .ARM.attributes
                0x0000000000000000       0x14 build/alien1_a.o
 .bss           0x0000000000000000        0x0 build/alien1_b.o
 .ARM.attributes
                0x0000000000000000       0x14 build/alien1_b.o
 .bss           0x0000000000000000        0x0 build/alien2_a.o
 .ARM.attributes
                0x0000000000000000       0x14 build/alien2_a.o
 .bss           0x0000000000000000        0x0 build/alien2_b.o
 .ARM.attributes
                0x0000000000000000       0x14 build/alien2_b.o
 .bss           0x0000000000000000        0x0 build/alien3_a.o
 .ARM.attributes
                0x0000000000000000       0x14 build/alien3_a.o
 .bss           0x0000000000000000        0x0 build/alien3_b.o
 .ARM.attributes
                0x0000000000000000       0x14 build/alien3_b.o
 .bss           0x0000000000000000        0x0 build/drawing.o
 .ARM.attributes
                0x0000000000000000       0x14 build/drawing.o
 .bss           0x0000000000000000        0x0 build/figuras.o
 .ARM.attributes
                0x0000000000000000       0x14 build/figuras.o
 .bss           0x0000000000000000        0x0 build/frameBuffer.o
 .ARM.attributes
                0x0000000000000000       0x14 build/frameBuffer.o
 .bss           0x0000000000000000        0x0 build/gpio.o
 .ARM.attributes
                0x0000000000000000       0x14 build/gpio.o
 .bss           0x0000000000000000        0x0 build/mailbox.o
 .ARM.attributes
                0x0000000000000000       0x14 build/mailbox.o
 .bss           0x0000000000000000        0x0 build/main.o
 .ARM.attributes
                0x0000000000000000       0x14 build/main.o
 .bss           0x0000000000000000        0x0 build/mann.o
 .ARM.attributes
                0x0000000000000000       0x14 build/mann.o
 .bss           0x0000000000000000        0x0 build/maths.o
 .ARM.attributes
                0x0000000000000000       0x14 build/maths.o
 .bss           0x0000000000000000        0x0 build/random.o
 .ARM.attributes
                0x0000000000000000       0x14 build/random.o
 .bss           0x0000000000000000        0x0 build/screen.o
 .ARM.attributes
                0x0000000000000000       0x14 build/screen.o
 .bss           0x0000000000000000        0x0 build/systemTimer.o
 .ARM.attributes
                0x0000000000000000       0x14 build/systemTimer.o
 .bss           0x0000000000000000        0x0 build/tags.o
 .ARM.attributes
                0x0000000000000000       0x14 build/tags.o
 .bss           0x0000000000000000        0x0 build/tank.o
 .ARM.attributes
                0x0000000000000000       0x14 build/tank.o
 .bss           0x0000000000000000        0x0 build/tank_blue.o
 .ARM.attributes
                0x0000000000000000       0x14 build/tank_blue.o
 .bss           0x0000000000000000        0x0 build/tank_green.o
 .ARM.attributes
                0x0000000000000000       0x14 build/tank_green.o
 .bss           0x0000000000000000        0x0 build/tank_red.o
 .ARM.attributes
                0x0000000000000000       0x14 build/tank_red.o
 .bss           0x0000000000000000        0x0 build/tank_white.o
 .ARM.attributes
                0x0000000000000000       0x14 build/tank_white.o
 .bss           0x0000000000000000        0x0 build/text.o
 .ARM.attributes
                0x0000000000000000       0x14 build/text.o
 .bss           0x0000000000000000        0x0 build/voyage.o
 .ARM.attributes
                0x0000000000000000       0x14 build/voyage.o

Memory Configuration

Name             Origin             Length             Attributes
*default*        0x0000000000000000 0xffffffffffffffff

Linker script and memory map

LOAD build/DrawImage.o
LOAD build/alien.o
LOAD build/alien1_a.o
LOAD build/alien1_b.o
LOAD build/alien2_a.o
LOAD build/alien2_b.o
LOAD build/alien3_a.o
LOAD build/alien3_b.o
LOAD build/drawing.o
LOAD build/figuras.o
LOAD build/frameBuffer.o
LOAD build/gpio.o
LOAD build/mailbox.o
LOAD build/main.o
LOAD build/mann.o
LOAD build/maths.o
LOAD build/random.o
LOAD build/screen.o
LOAD build/systemTimer.o
LOAD build/tags.o
LOAD build/tank.o
LOAD build/tank_blue.o
LOAD build/tank_green.o
LOAD build/tank_red.o
LOAD build/tank_white.o
LOAD build/text.o
LOAD build/voyage.o

.init           0x0000000000008000        0x4
 *(.init)
 .init          0x0000000000008000        0x4 build/main.o
                0x0000000000008000                _start

.text           0x0000000000008004      0xcb0
 *(.text)
 .text          0x0000000000008004      0x140 build/DrawImage.o
                0x0000000000008004                DrawImage
                0x0000000000008060                DrawImageTransparency
                0x00000000000080c8                DrawBackground
 .text          0x0000000000008144      0x1d4 build/alien.o
                0x0000000000008144                alien
 .text          0x0000000000008318        0x0 build/alien1_a.o
 .text          0x0000000000008318        0x0 build/alien1_b.o
 .text          0x0000000000008318        0x0 build/alien2_a.o
 .text          0x0000000000008318        0x0 build/alien2_b.o
 .text          0x0000000000008318        0x0 build/alien3_a.o
 .text          0x0000000000008318        0x0 build/alien3_b.o
 .text          0x0000000000008318      0x1dc build/drawing.o
                0x0000000000008318                SetForeColour
                0x0000000000008330                SetGraphicsAddress
                0x000000000000833c                DrawPixel
                0x0000000000008388                DrawLine
                0x0000000000008404                DrawCharacter
                0x0000000000008470                DrawString
 .text          0x00000000000084f4      0x278 build/figuras.o
                0x00000000000084f4                DrawCircle
                0x0000000000008654                DrawRectangle
                0x0000000000008690                DrawTriangle
                0x00000000000086d8                DrawTriangleI
                0x0000000000008724                DrawTriangleRectangle
 .text          0x000000000000876c       0x60 build/frameBuffer.o
                0x000000000000876c                InitialiseFrameBuffer
 .text          0x00000000000087cc       0x98 build/gpio.o
                0x00000000000087cc                GetGpioAddress
                0x00000000000087d4                SetGpioFunction
                0x0000000000008824                SetGpio
 .text          0x0000000000008864       0x6c build/mailbox.o
                0x0000000000008864                GetMailboxBase
                0x000000000000886c                MailboxRead
                0x00000000000088a0                MailboxWrite
 .text          0x00000000000088d0       0x48 build/main.o
 .text          0x0000000000008918        0x0 build/mann.o
 .text          0x0000000000008918       0x48 build/maths.o
                0x0000000000008918                DivideU32
 .text          0x0000000000008960       0x18 build/random.o
                0x0000000000008960                Random
 .text          0x0000000000008978       0x60 build/screen.o
                0x0000000000008978                screen1
                0x0000000000008980                screen2
                0x00000000000089a4                screen3
                0x00000000000089a8                screen4
                0x00000000000089ac                screen5
                0x00000000000089b0                clear
 .text          0x00000000000089d8       0x40 build/systemTimer.o
                0x00000000000089d8                GetSystemTimerBase
                0x00000000000089e0                GetTimeStamp
                0x00000000000089f0                Wait
 .text          0x0000000000008a18       0x74 build/tags.o
                0x0000000000008a18                FindTag
 .text          0x0000000000008a8c       0x44 build/tank.o
                0x0000000000008a8c                tank
                0x0000000000008ab0                player_Xposition
                0x0000000000008ab4                player_Yposition
                0x0000000000008ab8                player_lives
                0x0000000000008abc                player_points
                0x0000000000008ac0                player_special
 .text          0x0000000000008ad0        0x0 build/tank_blue.o
 .text          0x0000000000008ad0        0x0 build/tank_green.o
 .text          0x0000000000008ad0        0x0 build/tank_red.o
 .text          0x0000000000008ad0        0x0 build/tank_white.o
 .text          0x0000000000008ad0      0x1e4 build/text.o
                0x0000000000008ad0                ReverseString
                0x0000000000008afc                UnsignedString
                0x0000000000008b4c                SignedString
                0x0000000000008b78                FormatString
 .text          0x0000000000008cb4        0x0 build/voyage.o

.data           0x0000000000009000   0x4ec03c
 *(.data)
 .data          0x0000000000009000        0x0 build/DrawImage.o
 .data          0x0000000000009000        0x0 build/alien.o
 .data          0x0000000000009000     0x2c04 build/alien1_a.o
                0x0000000000009000                alien1_aHeight
                0x0000000000009002                alien1_aWidth
                0x0000000000009004                alien1_a
 .data          0x000000000000bc04     0x2c04 build/alien1_b.o
                0x000000000000bc04                alien1_bHeight
                0x000000000000bc06                alien1_bWidth
                0x000000000000bc08                alien1_b
 .data          0x000000000000e808     0x2004 build/alien2_a.o
                0x000000000000e808                alien2_aHeight
                0x000000000000e80a                alien2_aWidth
                0x000000000000e80c                alien2_a
 .data          0x000000000001080c     0x2004 build/alien2_b.o
                0x000000000001080c                alien2_bHeight
                0x000000000001080e                alien2_bWidth
                0x0000000000010810                alien2_b
 .data          0x0000000000012810     0x3004 build/alien3_a.o
                0x0000000000012810                alien3_aHeight
                0x0000000000012812                alien3_aWidth
                0x0000000000012814                alien3_a
 .data          0x0000000000015814     0x3004 build/alien3_b.o
                0x0000000000015814                alien3_bHeight
                0x0000000000015816                alien3_bWidth
                0x0000000000015818                alien3_b
 *fill*         0x0000000000018818        0x8 
 .data          0x0000000000018820   0x1cb810 build/drawing.o
                0x0000000000018824                graphicsAddress
 .data          0x00000000001e4030        0x0 build/figuras.o
 *fill*         0x00000000001e4030      0xfd0 
 .data          0x00000000001e5000     0x1000 build/frameBuffer.o
                0x00000000001e5000                FrameBufferInfo
 .data          0x00000000001e6000        0x0 build/gpio.o
 .data          0x00000000001e6000        0x0 build/mailbox.o
 .data          0x00000000001e6000        0x0 build/main.o
 .data          0x00000000001e6000   0x180004 build/mann.o
                0x00000000001e6000                mannHeight
                0x00000000001e6002                mannWidth
                0x00000000001e6004                mann
 .data          0x0000000000366004        0x0 build/maths.o
 .data          0x0000000000366004        0x0 build/random.o
 .data          0x0000000000366004        0x0 build/screen.o
 .data          0x0000000000366004        0x0 build/systemTimer.o
 .data          0x0000000000366004       0x24 build/tags.o
 .data          0x0000000000366028        0x0 build/tank.o
 .data          0x0000000000366028     0x3c04 build/tank_blue.o
                0x0000000000366028                tank_blueHeight
                0x000000000036602a                tank_blueWidth
                0x000000000036602c                tank_blue
 .data          0x0000000000369c2c     0x3c04 build/tank_green.o
                0x0000000000369c2c                tank_greenHeight
                0x0000000000369c2e                tank_greenWidth
                0x0000000000369c30                tank_green
 .data          0x000000000036d830     0x3c04 build/tank_red.o
                0x000000000036d830                tank_redHeight
                0x000000000036d832                tank_redWidth
                0x000000000036d834                tank_red
 .data          0x0000000000371434     0x3c04 build/tank_white.o
                0x0000000000371434                tank_whiteHeight
                0x0000000000371436                tank_whiteWidth
                0x0000000000371438                tank_white
 .data          0x0000000000375038        0x0 build/text.o
 .data          0x0000000000375038   0x180004 build/voyage.o
                0x0000000000375038                voyageHeight
                0x000000000037503a                voyageWidth
                0x000000000037503c                voyage

/DISCARD/
 *(*)
OUTPUT(build/output.elf elf32-littlearm)
