Archive member included because of file (symbol)

./libcsud.a(device.keyboard.c.o)
                              build/keyboard.o (KeyboardGetAddress)
./libcsud.a(platform.c.o)     ./libcsud.a(device.keyboard.c.o) (MemoryAllocate)
./libcsud.a(usbd.c.o)         build/main.o (UsbInitialise)
./libcsud.a(device.hid.c.o)   ./libcsud.a(device.keyboard.c.o) (HidReadDevice)
./libcsud.a(device.hub.c.o)   ./libcsud.a(usbd.c.o) (HubPortReset)
./libcsud.a(hcd.designware20.c.o)
                              ./libcsud.a(usbd.c.o) (HcdSumbitControlMessage)
./libcsud.a(hcd.designware20.roothub.c.o)
                              ./libcsud.a(hcd.designware20.c.o) (HcdProcessRootHubMessage)
./libcsud.a(platform.armv6.c.o)
                              ./libcsud.a(hcd.designware20.c.o) (__aeabi_uidiv)
./libcsud.a(platform.broadcom2835.c.o)
                              ./libcsud.a(usbd.c.o) (MicroDelay)

Allocating common symbols
Common symbol       size              file

CorePhysical        0x4               ./libcsud.a(hcd.designware20.c.o)
DeviceNumbers       0x4               ./libcsud.a(usbd.c.o)
HostPhysical        0x4               ./libcsud.a(hcd.designware20.c.o)
keyboards           0x10              ./libcsud.a(device.keyboard.c.o)
PowerPhysical       0x4               ./libcsud.a(hcd.designware20.c.o)
Heap                0x4000            ./libcsud.a(platform.c.o)
Allocations         0xc00             ./libcsud.a(platform.c.o)

Discarded input sections

 .bss           0x0000000000000000        0x0 build/DrawImage.o
 .ARM.attributes
                0x0000000000000000       0x14 build/DrawImage.o
 .bss           0x0000000000000000        0x0 build/alien.o
 .ARM.attributes
                0x0000000000000000       0x14 build/alien.o
 .bss           0x0000000000000000        0x0 build/alien1_a.o
 .ARM.attributes
                0x0000000000000000       0x14 build/alien1_a.o
 .bss           0x0000000000000000        0x0 build/alien1_b.o
 .ARM.attributes
                0x0000000000000000       0x14 build/alien1_b.o
 .bss           0x0000000000000000        0x0 build/alien2_a.o
 .ARM.attributes
                0x0000000000000000       0x14 build/alien2_a.o
 .bss           0x0000000000000000        0x0 build/alien2_b.o
 .ARM.attributes
                0x0000000000000000       0x14 build/alien2_b.o
 .bss           0x0000000000000000        0x0 build/alien3_a.o
 .ARM.attributes
                0x0000000000000000       0x14 build/alien3_a.o
 .bss           0x0000000000000000        0x0 build/alien3_b.o
 .ARM.attributes
                0x0000000000000000       0x14 build/alien3_b.o
 .bss           0x0000000000000000        0x0 build/drawing.o
 .ARM.attributes
                0x0000000000000000       0x14 build/drawing.o
 .bss           0x0000000000000000        0x0 build/figuras.o
 .ARM.attributes
                0x0000000000000000       0x14 build/figuras.o
 .bss           0x0000000000000000        0x0 build/frameBuffer.o
 .ARM.attributes
                0x0000000000000000       0x14 build/frameBuffer.o
 .bss           0x0000000000000000        0x0 build/gameover.o
 .ARM.attributes
                0x0000000000000000       0x14 build/gameover.o
 .bss           0x0000000000000000        0x0 build/gpio.o
 .ARM.attributes
                0x0000000000000000       0x14 build/gpio.o
 .bss           0x0000000000000000        0x0 build/keyboard.o
 .ARM.attributes
                0x0000000000000000       0x14 build/keyboard.o
 .bss           0x0000000000000000        0x0 build/mailbox.o
 .ARM.attributes
                0x0000000000000000       0x14 build/mailbox.o
 .bss           0x0000000000000000        0x0 build/main.o
 .ARM.attributes
                0x0000000000000000       0x14 build/main.o
 .bss           0x0000000000000000        0x0 build/mann.o
 .ARM.attributes
                0x0000000000000000       0x14 build/mann.o
 .bss           0x0000000000000000        0x0 build/maths.o
 .ARM.attributes
                0x0000000000000000       0x14 build/maths.o
 .bss           0x0000000000000000        0x0 build/menu.o
 .ARM.attributes
                0x0000000000000000       0x14 build/menu.o
 .bss           0x0000000000000000        0x0 build/random.o
 .ARM.attributes
                0x0000000000000000       0x14 build/random.o
 .bss           0x0000000000000000        0x0 build/screen.o
 .ARM.attributes
                0x0000000000000000       0x14 build/screen.o
 .bss           0x0000000000000000        0x0 build/select.o
 .ARM.attributes
                0x0000000000000000       0x14 build/select.o
 .bss           0x0000000000000000        0x0 build/systemTimer.o
 .ARM.attributes
                0x0000000000000000       0x14 build/systemTimer.o
 .bss           0x0000000000000000        0x0 build/tags.o
 .ARM.attributes
                0x0000000000000000       0x14 build/tags.o
 .bss           0x0000000000000000        0x0 build/tank.o
 .ARM.attributes
                0x0000000000000000       0x14 build/tank.o
 .bss           0x0000000000000000        0x0 build/tank_blue.o
 .ARM.attributes
                0x0000000000000000       0x14 build/tank_blue.o
 .bss           0x0000000000000000        0x0 build/tank_green.o
 .ARM.attributes
                0x0000000000000000       0x14 build/tank_green.o
 .bss           0x0000000000000000        0x0 build/tank_red.o
 .ARM.attributes
                0x0000000000000000       0x14 build/tank_red.o
 .bss           0x0000000000000000        0x0 build/tank_white.o
 .ARM.attributes
                0x0000000000000000       0x14 build/tank_white.o
 .bss           0x0000000000000000        0x0 build/text.o
 .ARM.attributes
                0x0000000000000000       0x14 build/text.o
 .bss           0x0000000000000000        0x0 build/voyage.o
 .ARM.attributes
                0x0000000000000000       0x14 build/voyage.o

Memory Configuration

Name             Origin             Length             Attributes
*default*        0x0000000000000000 0xffffffffffffffff

Linker script and memory map

LOAD build/DrawImage.o
LOAD build/alien.o
LOAD build/alien1_a.o
LOAD build/alien1_b.o
LOAD build/alien2_a.o
LOAD build/alien2_b.o
LOAD build/alien3_a.o
LOAD build/alien3_b.o
LOAD build/drawing.o
LOAD build/figuras.o
LOAD build/frameBuffer.o
LOAD build/gameover.o
LOAD build/gpio.o
LOAD build/keyboard.o
LOAD build/mailbox.o
LOAD build/main.o
LOAD build/mann.o
LOAD build/maths.o
LOAD build/menu.o
LOAD build/random.o
LOAD build/screen.o
LOAD build/select.o
LOAD build/systemTimer.o
LOAD build/tags.o
LOAD build/tank.o
LOAD build/tank_blue.o
LOAD build/tank_green.o
LOAD build/tank_red.o
LOAD build/tank_white.o
LOAD build/text.o
LOAD build/voyage.o
LOAD ./libcsud.a

.init           0x0000000000008000        0x4
 *(.init)
 .init          0x0000000000008000        0x4 build/main.o
                0x0000000000008000                _start

.data           0x0000000000009000   0x9780b2
 *(.data)
 .data          0x0000000000009000        0x0 build/DrawImage.o
 .data          0x0000000000009000        0x0 build/alien.o
 .data          0x0000000000009000     0x2c04 build/alien1_a.o
                0x0000000000009000                alien1_aHeight
                0x0000000000009002                alien1_aWidth
                0x0000000000009004                alien1_a
 .data          0x000000000000bc04     0x2c04 build/alien1_b.o
                0x000000000000bc04                alien1_bHeight
                0x000000000000bc06                alien1_bWidth
                0x000000000000bc08                alien1_b
 .data          0x000000000000e808     0x2004 build/alien2_a.o
                0x000000000000e808                alien2_aHeight
                0x000000000000e80a                alien2_aWidth
                0x000000000000e80c                alien2_a
 .data          0x000000000001080c     0x2004 build/alien2_b.o
                0x000000000001080c                alien2_bHeight
                0x000000000001080e                alien2_bWidth
                0x0000000000010810                alien2_b
 .data          0x0000000000012810     0x3004 build/alien3_a.o
                0x0000000000012810                alien3_aHeight
                0x0000000000012812                alien3_aWidth
                0x0000000000012814                alien3_a
 .data          0x0000000000015814     0x3004 build/alien3_b.o
                0x0000000000015814                alien3_bHeight
                0x0000000000015816                alien3_bWidth
                0x0000000000015818                alien3_b
 *fill*         0x0000000000018818        0x8 
 .data          0x0000000000018820   0x1cb810 build/drawing.o
                0x0000000000018824                graphicsAddress
 .data          0x00000000001e4030        0x0 build/figuras.o
 *fill*         0x00000000001e4030      0xfd0 
 .data          0x00000000001e5000     0x1000 build/frameBuffer.o
                0x00000000001e5000                FrameBufferInfo
 .data          0x00000000001e6000   0x180004 build/gameover.o
                0x00000000001e6000                gameoverHeight
                0x00000000001e6002                gameoverWidth
                0x00000000001e6004                gameover
 .data          0x0000000000366004        0x0 build/gpio.o
 *fill*         0x0000000000366004        0x4 
 .data          0x0000000000366008       0xe0 build/keyboard.o
 .data          0x00000000003660e8        0x0 build/mailbox.o
 .data          0x00000000003660e8        0x8 build/main.o
                0x00000000003660e8                Button
                0x00000000003660ec                Led
 .data          0x00000000003660f0   0x180004 build/mann.o
                0x00000000003660f0                mannHeight
                0x00000000003660f2                mannWidth
                0x00000000003660f4                mann
 .data          0x00000000004e60f4        0x0 build/maths.o
 .data          0x00000000004e60f4   0x180004 build/menu.o
                0x00000000004e60f4                menuHeight
                0x00000000004e60f6                menuWidth
                0x00000000004e60f8                menu
 .data          0x00000000006660f8        0x0 build/random.o
 .data          0x00000000006660f8        0x0 build/screen.o
 .data          0x00000000006660f8   0x180004 build/select.o
                0x00000000006660f8                selectHeight
                0x00000000006660fa                selectWidth
                0x00000000006660fc                select
 .data          0x00000000007e60fc        0x0 build/systemTimer.o
 .data          0x00000000007e60fc       0x24 build/tags.o
 .data          0x00000000007e6120        0x0 build/tank.o
 .data          0x00000000007e6120     0x3c04 build/tank_blue.o
                0x00000000007e6120                tank_blueHeight
                0x00000000007e6122                tank_blueWidth
                0x00000000007e6124                tank_blue
 .data          0x00000000007e9d24     0x3c04 build/tank_green.o
                0x00000000007e9d24                tank_greenHeight
                0x00000000007e9d26                tank_greenWidth
                0x00000000007e9d28                tank_green
 .data          0x00000000007ed928     0x3c04 build/tank_red.o
                0x00000000007ed928                tank_redHeight
                0x00000000007ed92a                tank_redWidth
                0x00000000007ed92c                tank_red
 .data          0x00000000007f152c     0x3c04 build/tank_white.o
                0x00000000007f152c                tank_whiteHeight
                0x00000000007f152e                tank_whiteWidth
                0x00000000007f1530                tank_white
 .data          0x00000000007f5130        0x0 build/text.o
 .data          0x00000000007f5130   0x180004 build/voyage.o
                0x00000000007f5130                voyageHeight
                0x00000000007f5132                voyageWidth
                0x00000000007f5134                voyage
 .data          0x0000000000975134        0x0 ./libcsud.a(device.keyboard.c.o)
 .data          0x0000000000975134        0x4 ./libcsud.a(platform.c.o)
                0x0000000000975134                FirstAllocation
 .data          0x0000000000975138        0x0 ./libcsud.a(usbd.c.o)
 .data          0x0000000000975138        0x0 ./libcsud.a(device.hid.c.o)
 .data          0x0000000000975138        0x0 ./libcsud.a(device.hub.c.o)
 .data          0x0000000000975138        0x0 ./libcsud.a(hcd.designware20.c.o)
 .data          0x0000000000975138       0x64 ./libcsud.a(hcd.designware20.roothub.c.o)
                0x0000000000975138                DeviceDescriptor
                0x000000000097514c                ConfigurationDescriptor
                0x0000000000975168                String0
                0x000000000097516c                String1
                0x0000000000975190                HubDescriptor
 .data          0x000000000097519c        0x0 ./libcsud.a(platform.armv6.c.o)
 .data          0x000000000097519c        0x0 ./libcsud.a(platform.broadcom2835.c.o)
 *.c.o(*)
 .text          0x000000000097519c     0x1000 ./libcsud.a(device.keyboard.c.o)
                0x000000000097519c                KeyboardDetached
                0x0000000000975218                KeyboardDeallocate
                0x0000000000975290                KeyboardIndex
                0x00000000009752e8                KeyboardGetAddress
                0x0000000000975330                KeyboardScan
                0x00000000009759fc                KeyboardCount
                0x0000000000975a0c                KeyboardSetLeds
                0x0000000000975c28                KeyboardGetLedSupport
                0x0000000000975c74                KeyboardPoll
                0x0000000000975fb8                KeyboardGetModifiers
                0x0000000000976004                KeyboardGetKeyDownCount
                0x0000000000976068                KeyboadGetKeyIsDown
                0x0000000000976120                KeyboardGetKeyDown
 .bss           0x000000000097619c       0x14 ./libcsud.a(device.keyboard.c.o)
                0x000000000097619c                keyboardAddresses
                0x00000000009761ac                keyboardCount
 .comment       0x00000000009761b0       0x11 ./libcsud.a(device.keyboard.c.o)
                                         0x12 (size before relaxing)
 .ARM.attributes
                0x00000000009761c1       0x32 ./libcsud.a(device.keyboard.c.o)
 *fill*         0x00000000009761f3        0x1 
 COMMON         0x00000000009761f4       0x10 ./libcsud.a(device.keyboard.c.o)
                0x00000000009761f4                keyboards
 .text          0x0000000000976204      0x5c0 ./libcsud.a(platform.c.o)
                0x0000000000976204                MemoryReserve
                0x000000000097620c                MemoryAllocate
                0x000000000097665c                MemoryDeallocate
                0x0000000000976774                MemoryCopy
 .bss           0x00000000009767c4        0x8 ./libcsud.a(platform.c.o)
                0x00000000009767c4                FirstFreeAllocation
                0x00000000009767c8                allocated
 .comment       0x0000000000000000       0x12 ./libcsud.a(platform.c.o)
 .ARM.attributes
                0x00000000009767cc       0x32 ./libcsud.a(platform.c.o)
 *fill*         0x00000000009767fe        0x2 
 COMMON         0x0000000000976800     0x4c00 ./libcsud.a(platform.c.o)
                0x0000000000976800                Heap
                0x000000000097a800                Allocations
 .text          0x000000000097b400     0x10e8 ./libcsud.a(usbd.c.o)
                0x000000000097b400                UsbGetRootHub
                0x000000000097b410                UsbPrintDeviceTree
                0x000000000097b4dc                UsbControlMessage
                0x000000000097b5d4                UsbGetDescriptor
                0x000000000097b6c0                UsbGetString
                0x000000000097b72c                UsbReadStringLang
                0x000000000097b7b0                UsbReadString
                0x000000000097b8b0                UsbReadDeviceDescriptor
                0x000000000097b9f0                UsbSetAddress
                0x000000000097bad0                UsbSetConfiguration
                0x000000000097bba4                UsbConfigure
                0x000000000097bd74                UsbGetDescription
                0x000000000097c024                UsbScanDevice
                0x000000000097c24c                UsbAllocateDevice
                0x000000000097c308                UsbDeallocateDevice
                0x000000000097c420                UsbScanRootHub
                0x000000000097c470                UsbInitialise
                0x000000000097c4cc                UsbCheckForChange
 .bss           0x000000000097c4e8        0x4 ./libcsud.a(usbd.c.o)
                0x000000000097c4e8                RootHub
 .rodata        0x000000000097c4ec      0x248 ./libcsud.a(usbd.c.o)
 .rodata.str1.4
                0x000000000097c734       0x10 ./libcsud.a(usbd.c.o)
 .comment       0x0000000000000000       0x12 ./libcsud.a(usbd.c.o)
 .ARM.attributes
                0x000000000097c744       0x32 ./libcsud.a(usbd.c.o)
 *fill*         0x000000000097c776        0x2 
 COMMON         0x000000000097c778        0x4 ./libcsud.a(usbd.c.o)
                0x000000000097c778                DeviceNumbers
 .text          0x000000000097c77c     0x1b24 ./libcsud.a(device.hid.c.o)
                0x000000000097c77c                HidEnumerateActionCountField
                0x000000000097c8a4                HidDetached
                0x000000000097c8e0                HidEnumerateActionAddField
                0x000000000097d0e8                HidDeallocate
                0x000000000097d23c                HidEnumerateActionCountReport
                0x000000000097d2f4                HidGetReport
                0x000000000097d3b0                HidSetReport
                0x000000000097d460                BitSet
                0x000000000097d58c                BitGetUnsigned
                0x000000000097d694                BitGetSigned
                0x000000000097d6c0                HidReadDevice
                0x000000000097d8bc                HidWriteDevice
                0x000000000097da68                HidSetProtocol
                0x000000000097db18                HidEnumerateReport
                0x000000000097dc70                HidParseReportDescriptor
                0x000000000097dfa0                HidScan
                0x000000000097e290                HidGetFieldValue
 .bss           0x000000000097e2a0        0x0 ./libcsud.a(device.hid.c.o)
 .comment       0x0000000000000000       0x12 ./libcsud.a(device.hid.c.o)
 .ARM.attributes
                0x000000000097e2a0       0x32 ./libcsud.a(device.hid.c.o)
 *fill*         0x000000000097e2d2        0x2 
 .text          0x000000000097e2d4      0xd34 ./libcsud.a(device.hub.c.o)
                0x000000000097e2d4                HubDetached
                0x000000000097e374                HubDeallocate
                0x000000000097e450                HubReadDescriptor
                0x000000000097e548                HubGetStatus
                0x000000000097e620                HubPortGetStatus
                0x000000000097e700                HubChangeFeature
                0x000000000097e7b4                HubChangePortFeature
                0x000000000097e870                HubPowerOn
                0x000000000097e918                HubPortReset
                0x000000000097e9ec                HubPortConnectionChanged
                0x000000000097ebf4                HubCheckConnection
                0x000000000097ed28                HubRecursiveCheck
                0x000000000097edf0                HubScan
 .bss           0x000000000097f008        0x0 ./libcsud.a(device.hub.c.o)
 .comment       0x0000000000000000       0x12 ./libcsud.a(device.hub.c.o)
 .ARM.attributes
                0x000000000097f008       0x32 ./libcsud.a(device.hub.c.o)
 *fill*         0x000000000097f03a        0x2 
 .text          0x000000000097f03c     0x160c ./libcsud.a(hcd.designware20.c.o)
                0x000000000097f03c                WriteThroughRegMask
                0x000000000097f0d0                WriteThroughReg
                0x000000000097f0d8                ReadBackReg
                0x000000000097f17c                ClearReg
                0x000000000097f1e4                SetReg
                0x000000000097f280                HcdReset
                0x000000000097f330                HcdTransmitFifoFlush
                0x000000000097f3c4                HcdReceiveFifoFlush
                0x000000000097f43c                HcdPrepareChannel
                0x000000000097f754                HcdTransmitChannel
                0x000000000097f800                HcdChannelInterruptToError
                0x000000000097f8dc                HcdChannelSendWaitOne
                0x000000000097fb98                HcdChannelSendWait
                0x000000000097fcb0                HcdSumbitControlMessage
                0x000000000097fef8                HcdInitialise
                0x000000000098008c                HcdStart
                0x00000000009805e8                HcdStop
                0x000000000098060c                HcdDeinitialise
 .bss           0x0000000000980648       0x14 ./libcsud.a(hcd.designware20.c.o)
                0x0000000000980648                Core
                0x000000000098064c                Host
                0x0000000000980650                Power
                0x0000000000980654                databuffer
                0x0000000000980658                PhyInitialised
 .comment       0x0000000000000000       0x12 ./libcsud.a(hcd.designware20.c.o)
 .ARM.attributes
                0x000000000098065c       0x32 ./libcsud.a(hcd.designware20.c.o)
 *fill*         0x000000000098068e        0x2 
 COMMON         0x0000000000980690        0xc ./libcsud.a(hcd.designware20.c.o)
                0x0000000000980690                CorePhysical
                0x0000000000980694                HostPhysical
                0x0000000000980698                PowerPhysical
 .text          0x000000000098069c      0x6f0 ./libcsud.a(hcd.designware20.roothub.c.o)
                0x000000000098069c                HcdProcessRootHubMessage
 .bss           0x0000000000980d8c        0x4 ./libcsud.a(hcd.designware20.roothub.c.o)
                0x0000000000980d8c                RootHubDeviceNumber
 .comment       0x0000000000000000       0x12 ./libcsud.a(hcd.designware20.roothub.c.o)
 .ARM.attributes
                0x0000000000980d90       0x32 ./libcsud.a(hcd.designware20.roothub.c.o)
 *fill*         0x0000000000980dc2        0x2 
 .text          0x0000000000980dc4      0x16c ./libcsud.a(platform.armv6.c.o)
                0x0000000000980dc4                __aeabi_uidivmod
                0x0000000000980ef8                __aeabi_uidiv
 .bss           0x0000000000980f30        0x0 ./libcsud.a(platform.armv6.c.o)
 .comment       0x0000000000000000       0x12 ./libcsud.a(platform.armv6.c.o)
 .ARM.attributes
                0x0000000000980f30       0x32 ./libcsud.a(platform.armv6.c.o)
 *fill*         0x0000000000980f62        0x2 
 .text          0x0000000000980f64      0x11c ./libcsud.a(platform.broadcom2835.c.o)
                0x0000000000980f64                MicroDelay
                0x0000000000980fd4                PowerOnUsb
 .bss           0x0000000000981080        0x0 ./libcsud.a(platform.broadcom2835.c.o)
 .comment       0x0000000000000000       0x12 ./libcsud.a(platform.broadcom2835.c.o)
 .ARM.attributes
                0x0000000000981080       0x32 ./libcsud.a(platform.broadcom2835.c.o)

.text           0x00000000009810b4     0x125c
 *.c.o(.text)
 *(.text)
 .text          0x00000000009810b4      0x140 build/DrawImage.o
                0x00000000009810b4                DrawImage
                0x0000000000981110                DrawImageTransparency
                0x0000000000981178                DrawBackground
 .text          0x00000000009811f4      0x250 build/alien.o
                0x00000000009811f4                alien
                0x0000000000981360                alienAlive
                0x000000000098139c                alienxPosition
                0x00000000009813d8                alienyPosition
 .text          0x0000000000981444        0x0 build/alien1_a.o
 .text          0x0000000000981444        0x0 build/alien1_b.o
 .text          0x0000000000981444        0x0 build/alien2_a.o
 .text          0x0000000000981444        0x0 build/alien2_b.o
 .text          0x0000000000981444        0x0 build/alien3_a.o
 .text          0x0000000000981444        0x0 build/alien3_b.o
 .text          0x0000000000981444      0x1dc build/drawing.o
                0x0000000000981444                SetForeColour
                0x000000000098145c                SetGraphicsAddress
                0x0000000000981468                DrawPixel
                0x00000000009814b4                DrawLine
                0x0000000000981530                DrawCharacter
                0x000000000098159c                DrawString
 .text          0x0000000000981620      0x278 build/figuras.o
                0x0000000000981620                DrawCircle
                0x0000000000981780                DrawRectangle
                0x00000000009817bc                DrawTriangle
                0x0000000000981804                DrawTriangleI
                0x0000000000981850                DrawTriangleRectangle
 .text          0x0000000000981898       0x60 build/frameBuffer.o
                0x0000000000981898                InitialiseFrameBuffer
 .text          0x00000000009818f8        0x0 build/gameover.o
 .text          0x00000000009818f8       0xb8 build/gpio.o
                0x00000000009818f8                GetGpioAddress
                0x0000000000981900                SetGpioFunction
                0x0000000000981950                SetGpio
                0x000000000098198c                GetGpio
 .text          0x00000000009819b0      0x144 build/keyboard.o
                0x00000000009819b0                KeyboardUpdate
                0x0000000000981a34                KeyWasDown
                0x0000000000981a64                KeyboardGetChar
 .text          0x0000000000981af4       0x6c build/mailbox.o
                0x0000000000981af4                GetMailboxBase
                0x0000000000981afc                MailboxRead
                0x0000000000981b30                MailboxWrite
 .text          0x0000000000981b60       0x84 build/main.o
 .text          0x0000000000981be4        0x0 build/mann.o
 .text          0x0000000000981be4       0x48 build/maths.o
                0x0000000000981be4                DivideU32
 .text          0x0000000000981c2c        0x0 build/menu.o
 .text          0x0000000000981c2c       0x18 build/random.o
                0x0000000000981c2c                Random
 .text          0x0000000000981c44      0x138 build/screen.o
                0x0000000000981c44                screen1
                0x0000000000981c6c                screen2
                0x0000000000981d0c                screen3
                0x0000000000981d30                screen4
                0x0000000000981d44                screen5
 .text          0x0000000000981d7c        0x0 build/select.o
 .text          0x0000000000981d7c       0x40 build/systemTimer.o
                0x0000000000981d7c                GetSystemTimerBase
                0x0000000000981d84                GetTimeStamp
                0x0000000000981d94                Wait
 .text          0x0000000000981dbc       0x74 build/tags.o
                0x0000000000981dbc                FindTag
 .text          0x0000000000981e30      0x2fc build/tank.o
                0x0000000000981e30                tank
                0x00000000009820c8                player_Xposition
                0x00000000009820cc                player_Yposition
                0x00000000009820d0                player_lives
                0x00000000009820d4                player_points
                0x00000000009820d8                player_special
                0x00000000009820dc                selectedTank
 .text          0x000000000098212c        0x0 build/tank_blue.o
 .text          0x000000000098212c        0x0 build/tank_green.o
 .text          0x000000000098212c        0x0 build/tank_red.o
 .text          0x000000000098212c        0x0 build/tank_white.o
 .text          0x000000000098212c      0x1e4 build/text.o
                0x000000000098212c                ReverseString
                0x0000000000982158                UnsignedString
                0x00000000009821a8                SignedString
                0x00000000009821d4                FormatString
 .text          0x0000000000982310        0x0 build/voyage.o

/DISCARD/
 *(*)
OUTPUT(build/output.elf elf32-littlearm)
