
Discarded input sections

 .bss           0x0000000000000000        0x0 build/DrawImage.o
 .ARM.attributes
                0x0000000000000000       0x14 build/DrawImage.o
 .bss           0x0000000000000000        0x0 build/alien.o
 .ARM.attributes
                0x0000000000000000       0x14 build/alien.o
 .bss           0x0000000000000000        0x0 build/alien1_a.o
 .ARM.attributes
                0x0000000000000000       0x14 build/alien1_a.o
 .bss           0x0000000000000000        0x0 build/alien1_b.o
 .ARM.attributes
                0x0000000000000000       0x14 build/alien1_b.o
 .bss           0x0000000000000000        0x0 build/alien2_a.o
 .ARM.attributes
                0x0000000000000000       0x14 build/alien2_a.o
 .bss           0x0000000000000000        0x0 build/alien2_b.o
 .ARM.attributes
                0x0000000000000000       0x14 build/alien2_b.o
 .bss           0x0000000000000000        0x0 build/alien3_a.o
 .ARM.attributes
                0x0000000000000000       0x14 build/alien3_a.o
 .bss           0x0000000000000000        0x0 build/alien3_b.o
 .ARM.attributes
                0x0000000000000000       0x14 build/alien3_b.o
 .bss           0x0000000000000000        0x0 build/drawing.o
 .ARM.attributes
                0x0000000000000000       0x14 build/drawing.o
 .bss           0x0000000000000000        0x0 build/figuras.o
 .ARM.attributes
                0x0000000000000000       0x14 build/figuras.o
 .bss           0x0000000000000000        0x0 build/frameBuffer.o
 .ARM.attributes
                0x0000000000000000       0x14 build/frameBuffer.o
 .bss           0x0000000000000000        0x0 build/gpio.o
 .ARM.attributes
                0x0000000000000000       0x14 build/gpio.o
 .bss           0x0000000000000000        0x0 build/mailbox.o
 .ARM.attributes
                0x0000000000000000       0x14 build/mailbox.o
 .bss           0x0000000000000000        0x0 build/main.o
 .ARM.attributes
                0x0000000000000000       0x14 build/main.o
 .bss           0x0000000000000000        0x0 build/maths.o
 .ARM.attributes
                0x0000000000000000       0x14 build/maths.o
 .bss           0x0000000000000000        0x0 build/random.o
 .ARM.attributes
                0x0000000000000000       0x14 build/random.o
 .bss           0x0000000000000000        0x0 build/screen.o
 .ARM.attributes
                0x0000000000000000       0x14 build/screen.o
 .bss           0x0000000000000000        0x0 build/systemTimer.o
 .ARM.attributes
                0x0000000000000000       0x14 build/systemTimer.o
 .bss           0x0000000000000000        0x0 build/tags.o
 .ARM.attributes
                0x0000000000000000       0x14 build/tags.o
 .bss           0x0000000000000000        0x0 build/tank.o
 .ARM.attributes
                0x0000000000000000       0x14 build/tank.o
 .bss           0x0000000000000000        0x0 build/tank_blue.o
 .ARM.attributes
                0x0000000000000000       0x14 build/tank_blue.o
 .bss           0x0000000000000000        0x0 build/tank_green.o
 .ARM.attributes
                0x0000000000000000       0x14 build/tank_green.o
 .bss           0x0000000000000000        0x0 build/tank_red.o
 .ARM.attributes
                0x0000000000000000       0x14 build/tank_red.o
 .bss           0x0000000000000000        0x0 build/tank_white.o
 .ARM.attributes
                0x0000000000000000       0x14 build/tank_white.o
 .bss           0x0000000000000000        0x0 build/text.o
 .ARM.attributes
                0x0000000000000000       0x14 build/text.o

Memory Configuration

Name             Origin             Length             Attributes
*default*        0x0000000000000000 0xffffffffffffffff

Linker script and memory map

LOAD build/DrawImage.o
LOAD build/alien.o
LOAD build/alien1_a.o
LOAD build/alien1_b.o
LOAD build/alien2_a.o
LOAD build/alien2_b.o
LOAD build/alien3_a.o
LOAD build/alien3_b.o
LOAD build/drawing.o
LOAD build/figuras.o
LOAD build/frameBuffer.o
LOAD build/gpio.o
LOAD build/mailbox.o
LOAD build/main.o
LOAD build/maths.o
LOAD build/random.o
LOAD build/screen.o
LOAD build/systemTimer.o
LOAD build/tags.o
LOAD build/tank.o
LOAD build/tank_blue.o
LOAD build/tank_green.o
LOAD build/tank_red.o
LOAD build/tank_white.o
LOAD build/text.o

.init           0x0000000000008000        0x4
 *(.init)
 .init          0x0000000000008000        0x4 build/main.o
                0x0000000000008000                _start

.text           0x0000000000008004      0xb88
 *(.text)
 .text          0x0000000000008004       0x60 build/DrawImage.o
                0x0000000000008004                DrawImage
 .text          0x0000000000008064      0x1f8 build/alien.o
                0x0000000000008064                alien
 .text          0x000000000000825c        0x0 build/alien1_a.o
 .text          0x000000000000825c        0x0 build/alien1_b.o
 .text          0x000000000000825c        0x0 build/alien2_a.o
 .text          0x000000000000825c        0x0 build/alien2_b.o
 .text          0x000000000000825c        0x0 build/alien3_a.o
 .text          0x000000000000825c        0x0 build/alien3_b.o
 .text          0x000000000000825c      0x1d4 build/drawing.o
                0x000000000000825c                SetForeColour
                0x0000000000008274                SetGraphicsAddress
                0x0000000000008280                DrawPixel
                0x00000000000082c8                DrawLine
                0x0000000000008344                DrawCharacter
                0x00000000000083b0                DrawString
 .text          0x0000000000008430      0x278 build/figuras.o
                0x0000000000008430                DrawCircle
                0x0000000000008590                DrawRectangle
                0x00000000000085cc                DrawTriangle
                0x0000000000008614                DrawTriangleI
                0x0000000000008660                DrawTriangleRectangle
 .text          0x00000000000086a8       0x60 build/frameBuffer.o
                0x00000000000086a8                InitialiseFrameBuffer
 .text          0x0000000000008708       0x98 build/gpio.o
                0x0000000000008708                GetGpioAddress
                0x0000000000008710                SetGpioFunction
                0x0000000000008760                SetGpio
 .text          0x00000000000087a0       0x6c build/mailbox.o
                0x00000000000087a0                GetMailboxBase
                0x00000000000087a8                MailboxRead
                0x00000000000087dc                MailboxWrite
 .text          0x000000000000880c       0x48 build/main.o
 .text          0x0000000000008854       0x48 build/maths.o
                0x0000000000008854                DivideU32
 .text          0x000000000000889c       0x18 build/random.o
                0x000000000000889c                Random
 .text          0x00000000000088b4       0x40 build/screen.o
                0x00000000000088b4                screen1
                0x00000000000088bc                screen2
                0x00000000000088c4                screen3
                0x00000000000088c8                screen4
                0x00000000000088cc                screen5
                0x00000000000088d0                clear
 .text          0x00000000000088f4       0x40 build/systemTimer.o
                0x00000000000088f4                GetSystemTimerBase
                0x00000000000088fc                GetTimeStamp
                0x000000000000890c                Wait
 .text          0x0000000000008934       0x74 build/tags.o
                0x0000000000008934                FindTag
 .text          0x00000000000089a8        0x0 build/tank.o
                0x00000000000089a8                tank
 .text          0x00000000000089a8        0x0 build/tank_blue.o
 .text          0x00000000000089a8        0x0 build/tank_green.o
 .text          0x00000000000089a8        0x0 build/tank_red.o
 .text          0x00000000000089a8        0x0 build/tank_white.o
 .text          0x00000000000089a8      0x1e4 build/text.o
                0x00000000000089a8                ReverseString
                0x00000000000089d4                UnsignedString
                0x0000000000008a24                SignedString
                0x0000000000008a50                FormatString

.data           0x0000000000009000    0x21044
 *(.data)
 .data          0x0000000000009000        0x0 build/DrawImage.o
 .data          0x0000000000009000        0x0 build/alien.o
 .data          0x0000000000009000     0x2c04 build/alien1_a.o
                0x0000000000009000                alien1_aHeight
                0x0000000000009002                alien1_aWidth
                0x0000000000009004                alien1_a
 .data          0x000000000000bc04     0x2c04 build/alien1_b.o
                0x000000000000bc04                alien1_bHeight
                0x000000000000bc06                alien1_bWidth
                0x000000000000bc08                alien1_b
 .data          0x000000000000e808     0x2004 build/alien2_a.o
                0x000000000000e808                alien2_aHeight
                0x000000000000e80a                alien2_aWidth
                0x000000000000e80c                alien2_a
 .data          0x000000000001080c     0x2004 build/alien2_b.o
                0x000000000001080c                alien2_bHeight
                0x000000000001080e                alien2_bWidth
                0x0000000000010810                alien2_b
 .data          0x0000000000012810     0x3004 build/alien3_a.o
                0x0000000000012810                alien3_aHeight
                0x0000000000012812                alien3_aWidth
                0x0000000000012814                alien3_a
 .data          0x0000000000015814     0x3004 build/alien3_b.o
                0x0000000000015814                alien3_bHeight
                0x0000000000015816                alien3_bWidth
                0x0000000000015818                alien3_b
 *fill*         0x0000000000018818        0x8 
 .data          0x0000000000018820      0x810 build/drawing.o
                0x0000000000018824                graphicsAddress
 .data          0x0000000000019030        0x0 build/figuras.o
 *fill*         0x0000000000019030      0xfd0 
 .data          0x000000000001a000     0x1000 build/frameBuffer.o
                0x000000000001a000                FrameBufferInfo
 .data          0x000000000001b000        0x0 build/gpio.o
 .data          0x000000000001b000        0x0 build/mailbox.o
 .data          0x000000000001b000        0x0 build/main.o
 .data          0x000000000001b000        0x0 build/maths.o
 .data          0x000000000001b000        0x0 build/random.o
 .data          0x000000000001b000        0x0 build/screen.o
 .data          0x000000000001b000        0x0 build/systemTimer.o
 .data          0x000000000001b000       0x24 build/tags.o
 .data          0x000000000001b024       0x10 build/tank.o
                0x000000000001b024                player_position
                0x000000000001b028                player_lives
                0x000000000001b02c                player_points
                0x000000000001b030                player_special
 .data          0x000000000001b034     0x3c04 build/tank_blue.o
                0x000000000001b034                tank_blueHeight
                0x000000000001b036                tank_blueWidth
                0x000000000001b038                tank_blue
 .data          0x000000000001ec38     0x3c04 build/tank_green.o
                0x000000000001ec38                tank_greenHeight
                0x000000000001ec3a                tank_greenWidth
                0x000000000001ec3c                tank_green
 .data          0x000000000002283c     0x3c04 build/tank_red.o
                0x000000000002283c                tank_redHeight
                0x000000000002283e                tank_redWidth
                0x0000000000022840                tank_red
 .data          0x0000000000026440     0x3c04 build/tank_white.o
                0x0000000000026440                tank_whiteHeight
                0x0000000000026442                tank_whiteWidth
                0x0000000000026444                tank_white
 .data          0x000000000002a044        0x0 build/text.o

/DISCARD/
 *(*)
OUTPUT(build/output.elf elf32-littlearm)
