Archive member included because of file (symbol)

./libcsud.a(device.keyboard.c.o)
                              build/keyboard.o (KeyboardGetAddress)
./libcsud.a(platform.c.o)     ./libcsud.a(device.keyboard.c.o) (MemoryAllocate)
./libcsud.a(usbd.c.o)         build/main.o (UsbInitialise)
./libcsud.a(device.hid.c.o)   ./libcsud.a(device.keyboard.c.o) (HidReadDevice)
./libcsud.a(device.hub.c.o)   ./libcsud.a(usbd.c.o) (HubPortReset)
./libcsud.a(hcd.designware20.c.o)
                              ./libcsud.a(usbd.c.o) (HcdSumbitControlMessage)
./libcsud.a(hcd.designware20.roothub.c.o)
                              ./libcsud.a(hcd.designware20.c.o) (HcdProcessRootHubMessage)
./libcsud.a(platform.armv6.c.o)
                              ./libcsud.a(hcd.designware20.c.o) (__aeabi_uidiv)
./libcsud.a(platform.broadcom2835.c.o)
                              ./libcsud.a(usbd.c.o) (MicroDelay)

Allocating common symbols
Common symbol       size              file

CorePhysical        0x4               ./libcsud.a(hcd.designware20.c.o)
DeviceNumbers       0x4               ./libcsud.a(usbd.c.o)
HostPhysical        0x4               ./libcsud.a(hcd.designware20.c.o)
keyboards           0x10              ./libcsud.a(device.keyboard.c.o)
PowerPhysical       0x4               ./libcsud.a(hcd.designware20.c.o)
Heap                0x4000            ./libcsud.a(platform.c.o)
Allocations         0xc00             ./libcsud.a(platform.c.o)

Discarded input sections

 .bss           0x0000000000000000        0x0 build/DrawImage.o
 .ARM.attributes
                0x0000000000000000       0x14 build/DrawImage.o
 .bss           0x0000000000000000        0x0 build/alien.o
 .ARM.attributes
                0x0000000000000000       0x14 build/alien.o
 .bss           0x0000000000000000        0x0 build/alien1_a.o
 .ARM.attributes
                0x0000000000000000       0x14 build/alien1_a.o
 .bss           0x0000000000000000        0x0 build/alien1_b.o
 .ARM.attributes
                0x0000000000000000       0x14 build/alien1_b.o
 .bss           0x0000000000000000        0x0 build/alien2_a.o
 .ARM.attributes
                0x0000000000000000       0x14 build/alien2_a.o
 .bss           0x0000000000000000        0x0 build/alien2_b.o
 .ARM.attributes
                0x0000000000000000       0x14 build/alien2_b.o
 .bss           0x0000000000000000        0x0 build/alien3_a.o
 .ARM.attributes
                0x0000000000000000       0x14 build/alien3_a.o
 .bss           0x0000000000000000        0x0 build/alien3_b.o
 .ARM.attributes
                0x0000000000000000       0x14 build/alien3_b.o
 .bss           0x0000000000000000        0x0 build/bronze.o
 .ARM.attributes
                0x0000000000000000       0x14 build/bronze.o
 .bss           0x0000000000000000        0x0 build/drawing.o
 .ARM.attributes
                0x0000000000000000       0x14 build/drawing.o
 .bss           0x0000000000000000        0x0 build/figures.o
 .ARM.attributes
                0x0000000000000000       0x14 build/figures.o
 .bss           0x0000000000000000        0x0 build/frameBuffer.o
 .ARM.attributes
                0x0000000000000000       0x14 build/frameBuffer.o
 .bss           0x0000000000000000        0x0 build/gameover.o
 .ARM.attributes
                0x0000000000000000       0x14 build/gameover.o
 .bss           0x0000000000000000        0x0 build/gold.o
 .ARM.attributes
                0x0000000000000000       0x14 build/gold.o
 .bss           0x0000000000000000        0x0 build/gpio.o
 .ARM.attributes
                0x0000000000000000       0x14 build/gpio.o
 .bss           0x0000000000000000        0x0 build/instructions.o
 .ARM.attributes
                0x0000000000000000       0x14 build/instructions.o
 .bss           0x0000000000000000        0x0 build/keyboard.o
 .ARM.attributes
                0x0000000000000000       0x14 build/keyboard.o
 .bss           0x0000000000000000        0x0 build/mailbox.o
 .ARM.attributes
                0x0000000000000000       0x14 build/mailbox.o
 .bss           0x0000000000000000        0x0 build/main.o
 .ARM.attributes
                0x0000000000000000       0x14 build/main.o
 .bss           0x0000000000000000        0x0 build/mann.o
 .ARM.attributes
                0x0000000000000000       0x14 build/mann.o
 .bss           0x0000000000000000        0x0 build/maths.o
 .ARM.attributes
                0x0000000000000000       0x14 build/maths.o
 .bss           0x0000000000000000        0x0 build/menu.o
 .ARM.attributes
                0x0000000000000000       0x14 build/menu.o
 .bss           0x0000000000000000        0x0 build/menuControls.o
 .ARM.attributes
                0x0000000000000000       0x14 build/menuControls.o
 .bss           0x0000000000000000        0x0 build/music.o
 .ARM.attributes
                0x0000000000000000       0x14 build/music.o
 .bss           0x0000000000000000        0x0 build/random.o
 .ARM.attributes
                0x0000000000000000       0x14 build/random.o
 .bss           0x0000000000000000        0x0 build/screen.o
 .ARM.attributes
                0x0000000000000000       0x14 build/screen.o
 .bss           0x0000000000000000        0x0 build/select.o
 .ARM.attributes
                0x0000000000000000       0x14 build/select.o
 .bss           0x0000000000000000        0x0 build/selectControls.o
 .ARM.attributes
                0x0000000000000000       0x14 build/selectControls.o
 .bss           0x0000000000000000        0x0 build/silver.o
 .ARM.attributes
                0x0000000000000000       0x14 build/silver.o
 .bss           0x0000000000000000        0x0 build/sounds.o
 .ARM.attributes
                0x0000000000000000       0x14 build/sounds.o
 .bss           0x0000000000000000        0x0 build/systemTimer.o
 .ARM.attributes
                0x0000000000000000       0x14 build/systemTimer.o
 .bss           0x0000000000000000        0x0 build/tags.o
 .ARM.attributes
                0x0000000000000000       0x14 build/tags.o
 .bss           0x0000000000000000        0x0 build/tank.o
 .ARM.attributes
                0x0000000000000000       0x14 build/tank.o
 .bss           0x0000000000000000        0x0 build/tank_blue.o
 .ARM.attributes
                0x0000000000000000       0x14 build/tank_blue.o
 .bss           0x0000000000000000        0x0 build/tank_green.o
 .ARM.attributes
                0x0000000000000000       0x14 build/tank_green.o
 .bss           0x0000000000000000        0x0 build/tank_red.o
 .ARM.attributes
                0x0000000000000000       0x14 build/tank_red.o
 .bss           0x0000000000000000        0x0 build/tank_white.o
 .ARM.attributes
                0x0000000000000000       0x14 build/tank_white.o
 .bss           0x0000000000000000        0x0 build/terminal.o
 .ARM.attributes
                0x0000000000000000       0x14 build/terminal.o
 .bss           0x0000000000000000        0x0 build/text.o
 .ARM.attributes
                0x0000000000000000       0x14 build/text.o
 .bss           0x0000000000000000        0x0 build/voyage.o
 .ARM.attributes
                0x0000000000000000       0x14 build/voyage.o
 .bss           0x0000000000000000        0x0 build/win.o
 .ARM.attributes
                0x0000000000000000       0x14 build/win.o

Memory Configuration

Name             Origin             Length             Attributes
*default*        0x0000000000000000 0xffffffffffffffff

Linker script and memory map

LOAD build/DrawImage.o
LOAD build/alien.o
LOAD build/alien1_a.o
LOAD build/alien1_b.o
LOAD build/alien2_a.o
LOAD build/alien2_b.o
LOAD build/alien3_a.o
LOAD build/alien3_b.o
LOAD build/bronze.o
LOAD build/drawing.o
LOAD build/figures.o
LOAD build/frameBuffer.o
LOAD build/gameover.o
LOAD build/gold.o
LOAD build/gpio.o
LOAD build/instructions.o
LOAD build/keyboard.o
LOAD build/mailbox.o
LOAD build/main.o
LOAD build/mann.o
LOAD build/maths.o
LOAD build/menu.o
LOAD build/menuControls.o
LOAD build/music.o
LOAD build/random.o
LOAD build/screen.o
LOAD build/select.o
LOAD build/selectControls.o
LOAD build/silver.o
LOAD build/sounds.o
LOAD build/systemTimer.o
LOAD build/tags.o
LOAD build/tank.o
LOAD build/tank_blue.o
LOAD build/tank_green.o
LOAD build/tank_red.o
LOAD build/tank_white.o
LOAD build/terminal.o
LOAD build/text.o
LOAD build/voyage.o
LOAD build/win.o
LOAD ./libcsud.a

.init           0x0000000000008000        0x4
 *(.init)
 .init          0x0000000000008000        0x4 build/main.o
                0x0000000000008000                _start

.data           0x0000000000009000   0xd0368a
 *(.data)
 .data          0x0000000000009000        0x0 build/DrawImage.o
 .data          0x0000000000009000        0x0 build/alien.o
 .data          0x0000000000009000     0x2c04 build/alien1_a.o
                0x0000000000009000                alien1_aHeight
                0x0000000000009002                alien1_aWidth
                0x0000000000009004                alien1_a
 .data          0x000000000000bc04     0x2c04 build/alien1_b.o
                0x000000000000bc04                alien1_bHeight
                0x000000000000bc06                alien1_bWidth
                0x000000000000bc08                alien1_b
 .data          0x000000000000e808     0x2004 build/alien2_a.o
                0x000000000000e808                alien2_aHeight
                0x000000000000e80a                alien2_aWidth
                0x000000000000e80c                alien2_a
 .data          0x000000000001080c     0x2004 build/alien2_b.o
                0x000000000001080c                alien2_bHeight
                0x000000000001080e                alien2_bWidth
                0x0000000000010810                alien2_b
 .data          0x0000000000012810     0x3004 build/alien3_a.o
                0x0000000000012810                alien3_aHeight
                0x0000000000012812                alien3_aWidth
                0x0000000000012814                alien3_a
 .data          0x0000000000015814     0x3004 build/alien3_b.o
                0x0000000000015814                alien3_bHeight
                0x0000000000015816                alien3_bWidth
                0x0000000000015818                alien3_b
 .data          0x0000000000018818    0x26ac4 build/bronze.o
                0x0000000000018818                bronzeHeight
                0x000000000001881a                bronzeWidth
                0x000000000001881c                bronze
 *fill*         0x000000000003f2dc        0x4 
 .data          0x000000000003f2e0   0x1cb810 build/drawing.o
                0x000000000003f2e4                graphicsAddress
 .data          0x000000000020aaf0        0x0 build/figures.o
 *fill*         0x000000000020aaf0      0x510 
 .data          0x000000000020b000     0x1000 build/frameBuffer.o
                0x000000000020b000                FrameBufferInfo
 .data          0x000000000020c000   0x180004 build/gameover.o
                0x000000000020c000                gameoverHeight
                0x000000000020c002                gameoverWidth
                0x000000000020c004                gameover
 .data          0x000000000038c004    0x26ac4 build/gold.o
                0x000000000038c004                goldHeight
                0x000000000038c006                goldWidth
                0x000000000038c008                gold
 .data          0x00000000003b2ac8        0x0 build/gpio.o
 .data          0x00000000003b2ac8   0x180004 build/instructions.o
                0x00000000003b2ac8                instructionsHeight
                0x00000000003b2aca                instructionsWidth
                0x00000000003b2acc                instructions
 *fill*         0x0000000000532acc        0x4 
 .data          0x0000000000532ad0       0xe0 build/keyboard.o
 .data          0x0000000000532bb0        0x0 build/mailbox.o
 .data          0x0000000000532bb0      0x264 build/main.o
                0x0000000000532bb0                Button
                0x0000000000532bb4                Led
 .data          0x0000000000532e14   0x180004 build/mann.o
                0x0000000000532e14                mannHeight
                0x0000000000532e16                mannWidth
                0x0000000000532e18                mann
 .data          0x00000000006b2e18        0x0 build/maths.o
 .data          0x00000000006b2e18   0x180004 build/menu.o
                0x00000000006b2e18                menuHeight
                0x00000000006b2e1a                menuWidth
                0x00000000006b2e1c                menu
 .data          0x0000000000832e1c     0x673c build/menuControls.o
                0x0000000000832e1c                menuControlsHeight
                0x0000000000832e1e                menuControlsWidth
                0x0000000000832e20                menuControls
 .data          0x0000000000839558        0x0 build/music.o
 .data          0x0000000000839558        0x0 build/random.o
 .data          0x0000000000839558        0x0 build/screen.o
 .data          0x0000000000839558   0x180004 build/select.o
                0x0000000000839558                selectHeight
                0x000000000083955a                selectWidth
                0x000000000083955c                select
 .data          0x00000000009b955c     0x6576 build/selectControls.o
                0x00000000009b955c                selectControlsHeight
                0x00000000009b955e                selectControlsWidth
                0x00000000009b9560                selectControls
 .data          0x00000000009bfad2    0x26ac4 build/silver.o
                0x00000000009bfad2                silverHeight
                0x00000000009bfad4                silverWidth
                0x00000000009bfad6                silver
 .data          0x00000000009e6596        0x0 build/sounds.o
 .data          0x00000000009e6596        0x0 build/systemTimer.o
 .data          0x00000000009e6596       0x24 build/tags.o
 .data          0x00000000009e65ba        0x0 build/tank.o
 .data          0x00000000009e65ba     0x3c04 build/tank_blue.o
                0x00000000009e65ba                tank_blueHeight
                0x00000000009e65bc                tank_blueWidth
                0x00000000009e65be                tank_blue
 .data          0x00000000009ea1be     0x3c04 build/tank_green.o
                0x00000000009ea1be                tank_greenHeight
                0x00000000009ea1c0                tank_greenWidth
                0x00000000009ea1c2                tank_green
 .data          0x00000000009eddc2     0x3c04 build/tank_red.o
                0x00000000009eddc2                tank_redHeight
                0x00000000009eddc4                tank_redWidth
                0x00000000009eddc6                tank_red
 .data          0x00000000009f19c6     0x3c04 build/tank_white.o
                0x00000000009f19c6                tank_whiteHeight
                0x00000000009f19c8                tank_whiteWidth
                0x00000000009f19ca                tank_white
 *fill*         0x00000000009f55ca       0x36 
 .data          0x00000000009f5600     0xb100 build/terminal.o
 .data          0x0000000000a00700        0x0 build/text.o
 .data          0x0000000000a00700   0x180004 build/voyage.o
                0x0000000000a00700                voyageHeight
                0x0000000000a00702                voyageWidth
                0x0000000000a00704                voyage
 .data          0x0000000000b80704   0x180004 build/win.o
                0x0000000000b80704                winHeight
                0x0000000000b80706                winWidth
                0x0000000000b80708                win
 .data          0x0000000000d00708        0x0 ./libcsud.a(device.keyboard.c.o)
 .data          0x0000000000d00708        0x4 ./libcsud.a(platform.c.o)
                0x0000000000d00708                FirstAllocation
 .data          0x0000000000d0070c        0x0 ./libcsud.a(usbd.c.o)
 .data          0x0000000000d0070c        0x0 ./libcsud.a(device.hid.c.o)
 .data          0x0000000000d0070c        0x0 ./libcsud.a(device.hub.c.o)
 .data          0x0000000000d0070c        0x0 ./libcsud.a(hcd.designware20.c.o)
 .data          0x0000000000d0070c       0x64 ./libcsud.a(hcd.designware20.roothub.c.o)
                0x0000000000d0070c                DeviceDescriptor
                0x0000000000d00720                ConfigurationDescriptor
                0x0000000000d0073c                String0
                0x0000000000d00740                String1
                0x0000000000d00764                HubDescriptor
 .data          0x0000000000d00770        0x0 ./libcsud.a(platform.armv6.c.o)
 .data          0x0000000000d00770        0x0 ./libcsud.a(platform.broadcom2835.c.o)
 *.c.o(*)
 .text          0x0000000000d00770     0x1000 ./libcsud.a(device.keyboard.c.o)
                0x0000000000d00770                KeyboardDetached
                0x0000000000d007ec                KeyboardDeallocate
                0x0000000000d00864                KeyboardIndex
                0x0000000000d008bc                KeyboardGetAddress
                0x0000000000d00904                KeyboardScan
                0x0000000000d00fd0                KeyboardCount
                0x0000000000d00fe0                KeyboardSetLeds
                0x0000000000d011fc                KeyboardGetLedSupport
                0x0000000000d01248                KeyboardPoll
                0x0000000000d0158c                KeyboardGetModifiers
                0x0000000000d015d8                KeyboardGetKeyDownCount
                0x0000000000d0163c                KeyboadGetKeyIsDown
                0x0000000000d016f4                KeyboardGetKeyDown
 .bss           0x0000000000d01770       0x14 ./libcsud.a(device.keyboard.c.o)
                0x0000000000d01770                keyboardAddresses
                0x0000000000d01780                keyboardCount
 .comment       0x0000000000d01784       0x11 ./libcsud.a(device.keyboard.c.o)
                                         0x12 (size before relaxing)
 .ARM.attributes
                0x0000000000d01795       0x32 ./libcsud.a(device.keyboard.c.o)
 *fill*         0x0000000000d017c7        0x1 
 COMMON         0x0000000000d017c8       0x10 ./libcsud.a(device.keyboard.c.o)
                0x0000000000d017c8                keyboards
 .text          0x0000000000d017d8      0x5c0 ./libcsud.a(platform.c.o)
                0x0000000000d017d8                MemoryReserve
                0x0000000000d017e0                MemoryAllocate
                0x0000000000d01c30                MemoryDeallocate
                0x0000000000d01d48                MemoryCopy
 .bss           0x0000000000d01d98        0x8 ./libcsud.a(platform.c.o)
                0x0000000000d01d98                FirstFreeAllocation
                0x0000000000d01d9c                allocated
 .comment       0x0000000000000000       0x12 ./libcsud.a(platform.c.o)
 .ARM.attributes
                0x0000000000d01da0       0x32 ./libcsud.a(platform.c.o)
 *fill*         0x0000000000d01dd2        0x6 
 COMMON         0x0000000000d01dd8     0x4c00 ./libcsud.a(platform.c.o)
                0x0000000000d01dd8                Heap
                0x0000000000d05dd8                Allocations
 .text          0x0000000000d069d8     0x10e8 ./libcsud.a(usbd.c.o)
                0x0000000000d069d8                UsbGetRootHub
                0x0000000000d069e8                UsbPrintDeviceTree
                0x0000000000d06ab4                UsbControlMessage
                0x0000000000d06bac                UsbGetDescriptor
                0x0000000000d06c98                UsbGetString
                0x0000000000d06d04                UsbReadStringLang
                0x0000000000d06d88                UsbReadString
                0x0000000000d06e88                UsbReadDeviceDescriptor
                0x0000000000d06fc8                UsbSetAddress
                0x0000000000d070a8                UsbSetConfiguration
                0x0000000000d0717c                UsbConfigure
                0x0000000000d0734c                UsbGetDescription
                0x0000000000d075fc                UsbScanDevice
                0x0000000000d07824                UsbAllocateDevice
                0x0000000000d078e0                UsbDeallocateDevice
                0x0000000000d079f8                UsbScanRootHub
                0x0000000000d07a48                UsbInitialise
                0x0000000000d07aa4                UsbCheckForChange
 .bss           0x0000000000d07ac0        0x4 ./libcsud.a(usbd.c.o)
                0x0000000000d07ac0                RootHub
 .rodata        0x0000000000d07ac4      0x248 ./libcsud.a(usbd.c.o)
 .rodata.str1.4
                0x0000000000d07d0c       0x10 ./libcsud.a(usbd.c.o)
 .comment       0x0000000000000000       0x12 ./libcsud.a(usbd.c.o)
 .ARM.attributes
                0x0000000000d07d1c       0x32 ./libcsud.a(usbd.c.o)
 *fill*         0x0000000000d07d4e        0x2 
 COMMON         0x0000000000d07d50        0x4 ./libcsud.a(usbd.c.o)
                0x0000000000d07d50                DeviceNumbers
 .text          0x0000000000d07d54     0x1b24 ./libcsud.a(device.hid.c.o)
                0x0000000000d07d54                HidEnumerateActionCountField
                0x0000000000d07e7c                HidDetached
                0x0000000000d07eb8                HidEnumerateActionAddField
                0x0000000000d086c0                HidDeallocate
                0x0000000000d08814                HidEnumerateActionCountReport
                0x0000000000d088cc                HidGetReport
                0x0000000000d08988                HidSetReport
                0x0000000000d08a38                BitSet
                0x0000000000d08b64                BitGetUnsigned
                0x0000000000d08c6c                BitGetSigned
                0x0000000000d08c98                HidReadDevice
                0x0000000000d08e94                HidWriteDevice
                0x0000000000d09040                HidSetProtocol
                0x0000000000d090f0                HidEnumerateReport
                0x0000000000d09248                HidParseReportDescriptor
                0x0000000000d09578                HidScan
                0x0000000000d09868                HidGetFieldValue
 .bss           0x0000000000d09878        0x0 ./libcsud.a(device.hid.c.o)
 .comment       0x0000000000000000       0x12 ./libcsud.a(device.hid.c.o)
 .ARM.attributes
                0x0000000000d09878       0x32 ./libcsud.a(device.hid.c.o)
 *fill*         0x0000000000d098aa        0x2 
 .text          0x0000000000d098ac      0xd34 ./libcsud.a(device.hub.c.o)
                0x0000000000d098ac                HubDetached
                0x0000000000d0994c                HubDeallocate
                0x0000000000d09a28                HubReadDescriptor
                0x0000000000d09b20                HubGetStatus
                0x0000000000d09bf8                HubPortGetStatus
                0x0000000000d09cd8                HubChangeFeature
                0x0000000000d09d8c                HubChangePortFeature
                0x0000000000d09e48                HubPowerOn
                0x0000000000d09ef0                HubPortReset
                0x0000000000d09fc4                HubPortConnectionChanged
                0x0000000000d0a1cc                HubCheckConnection
                0x0000000000d0a300                HubRecursiveCheck
                0x0000000000d0a3c8                HubScan
 .bss           0x0000000000d0a5e0        0x0 ./libcsud.a(device.hub.c.o)
 .comment       0x0000000000000000       0x12 ./libcsud.a(device.hub.c.o)
 .ARM.attributes
                0x0000000000d0a5e0       0x32 ./libcsud.a(device.hub.c.o)
 *fill*         0x0000000000d0a612        0x2 
 .text          0x0000000000d0a614     0x160c ./libcsud.a(hcd.designware20.c.o)
                0x0000000000d0a614                WriteThroughRegMask
                0x0000000000d0a6a8                WriteThroughReg
                0x0000000000d0a6b0                ReadBackReg
                0x0000000000d0a754                ClearReg
                0x0000000000d0a7bc                SetReg
                0x0000000000d0a858                HcdReset
                0x0000000000d0a908                HcdTransmitFifoFlush
                0x0000000000d0a99c                HcdReceiveFifoFlush
                0x0000000000d0aa14                HcdPrepareChannel
                0x0000000000d0ad2c                HcdTransmitChannel
                0x0000000000d0add8                HcdChannelInterruptToError
                0x0000000000d0aeb4                HcdChannelSendWaitOne
                0x0000000000d0b170                HcdChannelSendWait
                0x0000000000d0b288                HcdSumbitControlMessage
                0x0000000000d0b4d0                HcdInitialise
                0x0000000000d0b664                HcdStart
                0x0000000000d0bbc0                HcdStop
                0x0000000000d0bbe4                HcdDeinitialise
 .bss           0x0000000000d0bc20       0x14 ./libcsud.a(hcd.designware20.c.o)
                0x0000000000d0bc20                Core
                0x0000000000d0bc24                Host
                0x0000000000d0bc28                Power
                0x0000000000d0bc2c                databuffer
                0x0000000000d0bc30                PhyInitialised
 .comment       0x0000000000000000       0x12 ./libcsud.a(hcd.designware20.c.o)
 .ARM.attributes
                0x0000000000d0bc34       0x32 ./libcsud.a(hcd.designware20.c.o)
 *fill*         0x0000000000d0bc66        0x2 
 COMMON         0x0000000000d0bc68        0xc ./libcsud.a(hcd.designware20.c.o)
                0x0000000000d0bc68                CorePhysical
                0x0000000000d0bc6c                HostPhysical
                0x0000000000d0bc70                PowerPhysical
 .text          0x0000000000d0bc74      0x6f0 ./libcsud.a(hcd.designware20.roothub.c.o)
                0x0000000000d0bc74                HcdProcessRootHubMessage
 .bss           0x0000000000d0c364        0x4 ./libcsud.a(hcd.designware20.roothub.c.o)
                0x0000000000d0c364                RootHubDeviceNumber
 .comment       0x0000000000000000       0x12 ./libcsud.a(hcd.designware20.roothub.c.o)
 .ARM.attributes
                0x0000000000d0c368       0x32 ./libcsud.a(hcd.designware20.roothub.c.o)
 *fill*         0x0000000000d0c39a        0x2 
 .text          0x0000000000d0c39c      0x16c ./libcsud.a(platform.armv6.c.o)
                0x0000000000d0c39c                __aeabi_uidivmod
                0x0000000000d0c4d0                __aeabi_uidiv
 .bss           0x0000000000d0c508        0x0 ./libcsud.a(platform.armv6.c.o)
 .comment       0x0000000000000000       0x12 ./libcsud.a(platform.armv6.c.o)
 .ARM.attributes
                0x0000000000d0c508       0x32 ./libcsud.a(platform.armv6.c.o)
 *fill*         0x0000000000d0c53a        0x2 
 .text          0x0000000000d0c53c      0x11c ./libcsud.a(platform.broadcom2835.c.o)
                0x0000000000d0c53c                MicroDelay
                0x0000000000d0c5ac                PowerOnUsb
 .bss           0x0000000000d0c658        0x0 ./libcsud.a(platform.broadcom2835.c.o)
 .comment       0x0000000000000000       0x12 ./libcsud.a(platform.broadcom2835.c.o)
 .ARM.attributes
                0x0000000000d0c658       0x32 ./libcsud.a(platform.broadcom2835.c.o)

.text           0x0000000000d0c68c     0x193c
 *.c.o(.text)
 *(.text)
 .text          0x0000000000d0c68c      0x13c build/DrawImage.o
                0x0000000000d0c68c                DrawImage
                0x0000000000d0c6e8                DrawImageTransparency
                0x0000000000d0c750                DrawBackground
 .text          0x0000000000d0c7c8      0x264 build/alien.o
                0x0000000000d0c7c8                alien
                0x0000000000d0c944                alienAlive
                0x0000000000d0c980                alienxPosition
                0x0000000000d0c9bc                alienyPosition
 .text          0x0000000000d0ca2c        0x0 build/alien1_a.o
 .text          0x0000000000d0ca2c        0x0 build/alien1_b.o
 .text          0x0000000000d0ca2c        0x0 build/alien2_a.o
 .text          0x0000000000d0ca2c        0x0 build/alien2_b.o
 .text          0x0000000000d0ca2c        0x0 build/alien3_a.o
 .text          0x0000000000d0ca2c        0x0 build/alien3_b.o
 .text          0x0000000000d0ca2c        0x0 build/bronze.o
 .text          0x0000000000d0ca2c      0x1dc build/drawing.o
                0x0000000000d0ca2c                SetForeColour
                0x0000000000d0ca44                SetGraphicsAddress
                0x0000000000d0ca50                DrawPixel
                0x0000000000d0ca9c                DrawLine
                0x0000000000d0cb18                DrawCharacter
                0x0000000000d0cb84                DrawString
 .text          0x0000000000d0cc08       0x3c build/figures.o
                0x0000000000d0cc08                DrawRectangle
 .text          0x0000000000d0cc44       0x60 build/frameBuffer.o
                0x0000000000d0cc44                InitialiseFrameBuffer
 .text          0x0000000000d0cca4        0x0 build/gameover.o
 .text          0x0000000000d0cca4        0x0 build/gold.o
 .text          0x0000000000d0cca4       0xb8 build/gpio.o
                0x0000000000d0cca4                GetGpioAddress
                0x0000000000d0ccac                SetGpioFunction
                0x0000000000d0ccfc                SetGpio
                0x0000000000d0cd38                GetGpio
 .text          0x0000000000d0cd5c        0x0 build/instructions.o
 .text          0x0000000000d0cd5c      0x144 build/keyboard.o
                0x0000000000d0cd5c                KeyboardUpdate
                0x0000000000d0cde0                KeyWasDown
                0x0000000000d0ce10                KeyboardGetChar
 .text          0x0000000000d0cea0       0x6c build/mailbox.o
                0x0000000000d0cea0                GetMailboxBase
                0x0000000000d0cea8                MailboxRead
                0x0000000000d0cedc                MailboxWrite
 .text          0x0000000000d0cf0c      0x1f4 build/main.o
 .text          0x0000000000d0d100        0x0 build/mann.o
 .text          0x0000000000d0d100       0x48 build/maths.o
                0x0000000000d0d100                DivideU32
 .text          0x0000000000d0d148        0x0 build/menu.o
 .text          0x0000000000d0d148        0x0 build/menuControls.o
 .text          0x0000000000d0d148      0x164 build/music.o
                0x0000000000d0d148                FirstStep
                0x0000000000d0d18c                DayOne
                0x0000000000d0d2a4                DayOneCounter
                0x0000000000d0d2a8                FirstStepCounter
 .text          0x0000000000d0d2ac       0x18 build/random.o
                0x0000000000d0d2ac                Random
 .text          0x0000000000d0d2c4      0x2f0 build/screen.o
                0x0000000000d0d2c4                screen1
                0x0000000000d0d338                screen2
                0x0000000000d0d414                screen3
                0x0000000000d0d45c                screen4
                0x0000000000d0d45c                screenGameOver
                0x0000000000d0d470                screenWin
                0x0000000000d0d4b0                screen5
                0x0000000000d0d500                screen6
 .text          0x0000000000d0d5b4        0x0 build/select.o
 .text          0x0000000000d0d5b4        0x0 build/selectControls.o
 .text          0x0000000000d0d5b4        0x0 build/silver.o
 .text          0x0000000000d0d5b4      0x198 build/sounds.o
                0x0000000000d0d5b4                shotSound
                0x0000000000d0d638                specialSound
                0x0000000000d0d6bc                buzzer
 .text          0x0000000000d0d74c       0x40 build/systemTimer.o
                0x0000000000d0d74c                GetSystemTimerBase
                0x0000000000d0d754                GetTimeStamp
                0x0000000000d0d764                Wait
 .text          0x0000000000d0d78c       0x74 build/tags.o
                0x0000000000d0d78c                FindTag
 .text          0x0000000000d0d800      0x324 build/tank.o
                0x0000000000d0d800                tank
                0x0000000000d0dac4                player_Xposition
                0x0000000000d0dac8                player_Yposition
                0x0000000000d0dacc                player_points
                0x0000000000d0dad0                player_special
                0x0000000000d0dad4                selectedTank
 .text          0x0000000000d0db24        0x0 build/tank_blue.o
 .text          0x0000000000d0db24        0x0 build/tank_green.o
 .text          0x0000000000d0db24        0x0 build/tank_red.o
 .text          0x0000000000d0db24        0x0 build/tank_white.o
 .text          0x0000000000d0db24      0x2c0 build/terminal.o
                0x0000000000d0db5c                TerminalDisplay
                0x0000000000d0dc04                TerminalClear
                0x0000000000d0dc1c                Print
                0x0000000000d0dcf4                ReadLine
 .text          0x0000000000d0dde4      0x1e4 build/text.o
                0x0000000000d0dde4                ReverseString
                0x0000000000d0de10                UnsignedString
                0x0000000000d0de60                SignedString
                0x0000000000d0de8c                FormatString
 .text          0x0000000000d0dfc8        0x0 build/voyage.o
 .text          0x0000000000d0dfc8        0x0 build/win.o

/DISCARD/
 *(*)
OUTPUT(build/output.elf elf32-littlearm)
