Archive member included because of file (symbol)

./libcsud.a(device.keyboard.c.o)
                              build/keyboard.o (KeyboardGetAddress)
./libcsud.a(platform.c.o)     ./libcsud.a(device.keyboard.c.o) (MemoryAllocate)
./libcsud.a(usbd.c.o)         build/main.o (UsbInitialise)
./libcsud.a(device.hid.c.o)   ./libcsud.a(device.keyboard.c.o) (HidReadDevice)
./libcsud.a(device.hub.c.o)   ./libcsud.a(usbd.c.o) (HubPortReset)
./libcsud.a(hcd.designware20.c.o)
                              ./libcsud.a(usbd.c.o) (HcdSumbitControlMessage)
./libcsud.a(hcd.designware20.roothub.c.o)
                              ./libcsud.a(hcd.designware20.c.o) (HcdProcessRootHubMessage)
./libcsud.a(platform.armv6.c.o)
                              ./libcsud.a(hcd.designware20.c.o) (__aeabi_uidiv)
./libcsud.a(platform.broadcom2835.c.o)
                              ./libcsud.a(usbd.c.o) (MicroDelay)

Allocating common symbols
Common symbol       size              file

CorePhysical        0x4               ./libcsud.a(hcd.designware20.c.o)
DeviceNumbers       0x4               ./libcsud.a(usbd.c.o)
HostPhysical        0x4               ./libcsud.a(hcd.designware20.c.o)
keyboards           0x10              ./libcsud.a(device.keyboard.c.o)
PowerPhysical       0x4               ./libcsud.a(hcd.designware20.c.o)
Heap                0x4000            ./libcsud.a(platform.c.o)
Allocations         0xc00             ./libcsud.a(platform.c.o)

Discarded input sections

 .bss           0x0000000000000000        0x0 build/DrawImage.o
 .ARM.attributes
                0x0000000000000000       0x14 build/DrawImage.o
 .bss           0x0000000000000000        0x0 build/alien.o
 .ARM.attributes
                0x0000000000000000       0x14 build/alien.o
 .bss           0x0000000000000000        0x0 build/alien1_a.o
 .ARM.attributes
                0x0000000000000000       0x14 build/alien1_a.o
 .bss           0x0000000000000000        0x0 build/alien1_b.o
 .ARM.attributes
                0x0000000000000000       0x14 build/alien1_b.o
 .bss           0x0000000000000000        0x0 build/alien2_a.o
 .ARM.attributes
                0x0000000000000000       0x14 build/alien2_a.o
 .bss           0x0000000000000000        0x0 build/alien2_b.o
 .ARM.attributes
                0x0000000000000000       0x14 build/alien2_b.o
 .bss           0x0000000000000000        0x0 build/alien3_a.o
 .ARM.attributes
                0x0000000000000000       0x14 build/alien3_a.o
 .bss           0x0000000000000000        0x0 build/alien3_b.o
 .ARM.attributes
                0x0000000000000000       0x14 build/alien3_b.o
 .bss           0x0000000000000000        0x0 build/drawing.o
 .ARM.attributes
                0x0000000000000000       0x14 build/drawing.o
 .bss           0x0000000000000000        0x0 build/figuras.o
 .ARM.attributes
                0x0000000000000000       0x14 build/figuras.o
 .bss           0x0000000000000000        0x0 build/frameBuffer.o
 .ARM.attributes
                0x0000000000000000       0x14 build/frameBuffer.o
 .bss           0x0000000000000000        0x0 build/gameover.o
 .ARM.attributes
                0x0000000000000000       0x14 build/gameover.o
 .bss           0x0000000000000000        0x0 build/gpio.o
 .ARM.attributes
                0x0000000000000000       0x14 build/gpio.o
 .bss           0x0000000000000000        0x0 build/keyboard.o
 .ARM.attributes
                0x0000000000000000       0x14 build/keyboard.o
 .bss           0x0000000000000000        0x0 build/mailbox.o
 .ARM.attributes
                0x0000000000000000       0x14 build/mailbox.o
 .bss           0x0000000000000000        0x0 build/main.o
 .ARM.attributes
                0x0000000000000000       0x14 build/main.o
 .bss           0x0000000000000000        0x0 build/mann.o
 .ARM.attributes
                0x0000000000000000       0x14 build/mann.o
 .bss           0x0000000000000000        0x0 build/maths.o
 .ARM.attributes
                0x0000000000000000       0x14 build/maths.o
 .bss           0x0000000000000000        0x0 build/menu.o
 .ARM.attributes
                0x0000000000000000       0x14 build/menu.o
 .bss           0x0000000000000000        0x0 build/music.o
 .ARM.attributes
                0x0000000000000000       0x14 build/music.o
 .bss           0x0000000000000000        0x0 build/random.o
 .ARM.attributes
                0x0000000000000000       0x14 build/random.o
 .bss           0x0000000000000000        0x0 build/screen.o
 .ARM.attributes
                0x0000000000000000       0x14 build/screen.o
 .bss           0x0000000000000000        0x0 build/select.o
 .ARM.attributes
                0x0000000000000000       0x14 build/select.o
 .bss           0x0000000000000000        0x0 build/sounds.o
 .ARM.attributes
                0x0000000000000000       0x14 build/sounds.o
 .bss           0x0000000000000000        0x0 build/systemTimer.o
 .ARM.attributes
                0x0000000000000000       0x14 build/systemTimer.o
 .bss           0x0000000000000000        0x0 build/tags.o
 .ARM.attributes
                0x0000000000000000       0x14 build/tags.o
 .bss           0x0000000000000000        0x0 build/tank.o
 .ARM.attributes
                0x0000000000000000       0x14 build/tank.o
 .bss           0x0000000000000000        0x0 build/tank_blue.o
 .ARM.attributes
                0x0000000000000000       0x14 build/tank_blue.o
 .bss           0x0000000000000000        0x0 build/tank_green.o
 .ARM.attributes
                0x0000000000000000       0x14 build/tank_green.o
 .bss           0x0000000000000000        0x0 build/tank_red.o
 .ARM.attributes
                0x0000000000000000       0x14 build/tank_red.o
 .bss           0x0000000000000000        0x0 build/tank_white.o
 .ARM.attributes
                0x0000000000000000       0x14 build/tank_white.o
 .bss           0x0000000000000000        0x0 build/text.o
 .ARM.attributes
                0x0000000000000000       0x14 build/text.o
 .bss           0x0000000000000000        0x0 build/voyage.o
 .ARM.attributes
                0x0000000000000000       0x14 build/voyage.o
 .bss           0x0000000000000000        0x0 build/win.o
 .ARM.attributes
                0x0000000000000000       0x14 build/win.o

Memory Configuration

Name             Origin             Length             Attributes
*default*        0x0000000000000000 0xffffffffffffffff

Linker script and memory map

LOAD build/DrawImage.o
LOAD build/alien.o
LOAD build/alien1_a.o
LOAD build/alien1_b.o
LOAD build/alien2_a.o
LOAD build/alien2_b.o
LOAD build/alien3_a.o
LOAD build/alien3_b.o
LOAD build/drawing.o
LOAD build/figuras.o
LOAD build/frameBuffer.o
LOAD build/gameover.o
LOAD build/gpio.o
LOAD build/keyboard.o
LOAD build/mailbox.o
LOAD build/main.o
LOAD build/mann.o
LOAD build/maths.o
LOAD build/menu.o
LOAD build/music.o
LOAD build/random.o
LOAD build/screen.o
LOAD build/select.o
LOAD build/sounds.o
LOAD build/systemTimer.o
LOAD build/tags.o
LOAD build/tank.o
LOAD build/tank_blue.o
LOAD build/tank_green.o
LOAD build/tank_red.o
LOAD build/tank_white.o
LOAD build/text.o
LOAD build/voyage.o
LOAD build/win.o
LOAD ./libcsud.a

.init           0x0000000000008000        0x4
 *(.init)
 .init          0x0000000000008000        0x4 build/main.o
                0x0000000000008000                _start

.data           0x0000000000009000   0xaf80ba
 *(.data)
 .data          0x0000000000009000        0x0 build/DrawImage.o
 .data          0x0000000000009000        0x0 build/alien.o
 .data          0x0000000000009000     0x2c04 build/alien1_a.o
                0x0000000000009000                alien1_aHeight
                0x0000000000009002                alien1_aWidth
                0x0000000000009004                alien1_a
 .data          0x000000000000bc04     0x2c04 build/alien1_b.o
                0x000000000000bc04                alien1_bHeight
                0x000000000000bc06                alien1_bWidth
                0x000000000000bc08                alien1_b
 .data          0x000000000000e808     0x2004 build/alien2_a.o
                0x000000000000e808                alien2_aHeight
                0x000000000000e80a                alien2_aWidth
                0x000000000000e80c                alien2_a
 .data          0x000000000001080c     0x2004 build/alien2_b.o
                0x000000000001080c                alien2_bHeight
                0x000000000001080e                alien2_bWidth
                0x0000000000010810                alien2_b
 .data          0x0000000000012810     0x3004 build/alien3_a.o
                0x0000000000012810                alien3_aHeight
                0x0000000000012812                alien3_aWidth
                0x0000000000012814                alien3_a
 .data          0x0000000000015814     0x3004 build/alien3_b.o
                0x0000000000015814                alien3_bHeight
                0x0000000000015816                alien3_bWidth
                0x0000000000015818                alien3_b
 *fill*         0x0000000000018818        0x8 
 .data          0x0000000000018820   0x1cb810 build/drawing.o
                0x0000000000018824                graphicsAddress
 .data          0x00000000001e4030        0x0 build/figuras.o
 *fill*         0x00000000001e4030      0xfd0 
 .data          0x00000000001e5000     0x1000 build/frameBuffer.o
                0x00000000001e5000                FrameBufferInfo
 .data          0x00000000001e6000   0x180004 build/gameover.o
                0x00000000001e6000                gameoverHeight
                0x00000000001e6002                gameoverWidth
                0x00000000001e6004                gameover
 .data          0x0000000000366004        0x0 build/gpio.o
 *fill*         0x0000000000366004        0x4 
 .data          0x0000000000366008       0xe0 build/keyboard.o
 .data          0x00000000003660e8        0x0 build/mailbox.o
 .data          0x00000000003660e8        0x8 build/main.o
                0x00000000003660e8                Button
                0x00000000003660ec                Led
 .data          0x00000000003660f0   0x180004 build/mann.o
                0x00000000003660f0                mannHeight
                0x00000000003660f2                mannWidth
                0x00000000003660f4                mann
 .data          0x00000000004e60f4        0x0 build/maths.o
 .data          0x00000000004e60f4   0x180004 build/menu.o
                0x00000000004e60f4                menuHeight
                0x00000000004e60f6                menuWidth
                0x00000000004e60f8                menu
 .data          0x00000000006660f8        0x0 build/music.o
 .data          0x00000000006660f8        0x0 build/random.o
 .data          0x00000000006660f8        0x0 build/screen.o
 .data          0x00000000006660f8   0x180004 build/select.o
                0x00000000006660f8                selectHeight
                0x00000000006660fa                selectWidth
                0x00000000006660fc                select
 .data          0x00000000007e60fc        0x0 build/sounds.o
 .data          0x00000000007e60fc        0x0 build/systemTimer.o
 .data          0x00000000007e60fc       0x24 build/tags.o
 .data          0x00000000007e6120        0x0 build/tank.o
 .data          0x00000000007e6120     0x3c04 build/tank_blue.o
                0x00000000007e6120                tank_blueHeight
                0x00000000007e6122                tank_blueWidth
                0x00000000007e6124                tank_blue
 .data          0x00000000007e9d24     0x3c04 build/tank_green.o
                0x00000000007e9d24                tank_greenHeight
                0x00000000007e9d26                tank_greenWidth
                0x00000000007e9d28                tank_green
 .data          0x00000000007ed928     0x3c04 build/tank_red.o
                0x00000000007ed928                tank_redHeight
                0x00000000007ed92a                tank_redWidth
                0x00000000007ed92c                tank_red
 .data          0x00000000007f152c     0x3c04 build/tank_white.o
                0x00000000007f152c                tank_whiteHeight
                0x00000000007f152e                tank_whiteWidth
                0x00000000007f1530                tank_white
 .data          0x00000000007f5130        0x0 build/text.o
 .data          0x00000000007f5130   0x180004 build/voyage.o
                0x00000000007f5130                voyageHeight
                0x00000000007f5132                voyageWidth
                0x00000000007f5134                voyage
 .data          0x0000000000975134   0x180004 build/win.o
                0x0000000000975134                winHeight
                0x0000000000975136                winWidth
                0x0000000000975138                win
 .data          0x0000000000af5138        0x0 ./libcsud.a(device.keyboard.c.o)
 .data          0x0000000000af5138        0x4 ./libcsud.a(platform.c.o)
                0x0000000000af5138                FirstAllocation
 .data          0x0000000000af513c        0x0 ./libcsud.a(usbd.c.o)
 .data          0x0000000000af513c        0x0 ./libcsud.a(device.hid.c.o)
 .data          0x0000000000af513c        0x0 ./libcsud.a(device.hub.c.o)
 .data          0x0000000000af513c        0x0 ./libcsud.a(hcd.designware20.c.o)
 .data          0x0000000000af513c       0x64 ./libcsud.a(hcd.designware20.roothub.c.o)
                0x0000000000af513c                DeviceDescriptor
                0x0000000000af5150                ConfigurationDescriptor
                0x0000000000af516c                String0
                0x0000000000af5170                String1
                0x0000000000af5194                HubDescriptor
 .data          0x0000000000af51a0        0x0 ./libcsud.a(platform.armv6.c.o)
 .data          0x0000000000af51a0        0x0 ./libcsud.a(platform.broadcom2835.c.o)
 *.c.o(*)
 .text          0x0000000000af51a0     0x1000 ./libcsud.a(device.keyboard.c.o)
                0x0000000000af51a0                KeyboardDetached
                0x0000000000af521c                KeyboardDeallocate
                0x0000000000af5294                KeyboardIndex
                0x0000000000af52ec                KeyboardGetAddress
                0x0000000000af5334                KeyboardScan
                0x0000000000af5a00                KeyboardCount
                0x0000000000af5a10                KeyboardSetLeds
                0x0000000000af5c2c                KeyboardGetLedSupport
                0x0000000000af5c78                KeyboardPoll
                0x0000000000af5fbc                KeyboardGetModifiers
                0x0000000000af6008                KeyboardGetKeyDownCount
                0x0000000000af606c                KeyboadGetKeyIsDown
                0x0000000000af6124                KeyboardGetKeyDown
 .bss           0x0000000000af61a0       0x14 ./libcsud.a(device.keyboard.c.o)
                0x0000000000af61a0                keyboardAddresses
                0x0000000000af61b0                keyboardCount
 .comment       0x0000000000af61b4       0x11 ./libcsud.a(device.keyboard.c.o)
                                         0x12 (size before relaxing)
 .ARM.attributes
                0x0000000000af61c5       0x32 ./libcsud.a(device.keyboard.c.o)
 *fill*         0x0000000000af61f7        0x1 
 COMMON         0x0000000000af61f8       0x10 ./libcsud.a(device.keyboard.c.o)
                0x0000000000af61f8                keyboards
 .text          0x0000000000af6208      0x5c0 ./libcsud.a(platform.c.o)
                0x0000000000af6208                MemoryReserve
                0x0000000000af6210                MemoryAllocate
                0x0000000000af6660                MemoryDeallocate
                0x0000000000af6778                MemoryCopy
 .bss           0x0000000000af67c8        0x8 ./libcsud.a(platform.c.o)
                0x0000000000af67c8                FirstFreeAllocation
                0x0000000000af67cc                allocated
 .comment       0x0000000000000000       0x12 ./libcsud.a(platform.c.o)
 .ARM.attributes
                0x0000000000af67d0       0x32 ./libcsud.a(platform.c.o)
 *fill*         0x0000000000af6802        0x6 
 COMMON         0x0000000000af6808     0x4c00 ./libcsud.a(platform.c.o)
                0x0000000000af6808                Heap
                0x0000000000afa808                Allocations
 .text          0x0000000000afb408     0x10e8 ./libcsud.a(usbd.c.o)
                0x0000000000afb408                UsbGetRootHub
                0x0000000000afb418                UsbPrintDeviceTree
                0x0000000000afb4e4                UsbControlMessage
                0x0000000000afb5dc                UsbGetDescriptor
                0x0000000000afb6c8                UsbGetString
                0x0000000000afb734                UsbReadStringLang
                0x0000000000afb7b8                UsbReadString
                0x0000000000afb8b8                UsbReadDeviceDescriptor
                0x0000000000afb9f8                UsbSetAddress
                0x0000000000afbad8                UsbSetConfiguration
                0x0000000000afbbac                UsbConfigure
                0x0000000000afbd7c                UsbGetDescription
                0x0000000000afc02c                UsbScanDevice
                0x0000000000afc254                UsbAllocateDevice
                0x0000000000afc310                UsbDeallocateDevice
                0x0000000000afc428                UsbScanRootHub
                0x0000000000afc478                UsbInitialise
                0x0000000000afc4d4                UsbCheckForChange
 .bss           0x0000000000afc4f0        0x4 ./libcsud.a(usbd.c.o)
                0x0000000000afc4f0                RootHub
 .rodata        0x0000000000afc4f4      0x248 ./libcsud.a(usbd.c.o)
 .rodata.str1.4
                0x0000000000afc73c       0x10 ./libcsud.a(usbd.c.o)
 .comment       0x0000000000000000       0x12 ./libcsud.a(usbd.c.o)
 .ARM.attributes
                0x0000000000afc74c       0x32 ./libcsud.a(usbd.c.o)
 *fill*         0x0000000000afc77e        0x2 
 COMMON         0x0000000000afc780        0x4 ./libcsud.a(usbd.c.o)
                0x0000000000afc780                DeviceNumbers
 .text          0x0000000000afc784     0x1b24 ./libcsud.a(device.hid.c.o)
                0x0000000000afc784                HidEnumerateActionCountField
                0x0000000000afc8ac                HidDetached
                0x0000000000afc8e8                HidEnumerateActionAddField
                0x0000000000afd0f0                HidDeallocate
                0x0000000000afd244                HidEnumerateActionCountReport
                0x0000000000afd2fc                HidGetReport
                0x0000000000afd3b8                HidSetReport
                0x0000000000afd468                BitSet
                0x0000000000afd594                BitGetUnsigned
                0x0000000000afd69c                BitGetSigned
                0x0000000000afd6c8                HidReadDevice
                0x0000000000afd8c4                HidWriteDevice
                0x0000000000afda70                HidSetProtocol
                0x0000000000afdb20                HidEnumerateReport
                0x0000000000afdc78                HidParseReportDescriptor
                0x0000000000afdfa8                HidScan
                0x0000000000afe298                HidGetFieldValue
 .bss           0x0000000000afe2a8        0x0 ./libcsud.a(device.hid.c.o)
 .comment       0x0000000000000000       0x12 ./libcsud.a(device.hid.c.o)
 .ARM.attributes
                0x0000000000afe2a8       0x32 ./libcsud.a(device.hid.c.o)
 *fill*         0x0000000000afe2da        0x2 
 .text          0x0000000000afe2dc      0xd34 ./libcsud.a(device.hub.c.o)
                0x0000000000afe2dc                HubDetached
                0x0000000000afe37c                HubDeallocate
                0x0000000000afe458                HubReadDescriptor
                0x0000000000afe550                HubGetStatus
                0x0000000000afe628                HubPortGetStatus
                0x0000000000afe708                HubChangeFeature
                0x0000000000afe7bc                HubChangePortFeature
                0x0000000000afe878                HubPowerOn
                0x0000000000afe920                HubPortReset
                0x0000000000afe9f4                HubPortConnectionChanged
                0x0000000000afebfc                HubCheckConnection
                0x0000000000afed30                HubRecursiveCheck
                0x0000000000afedf8                HubScan
 .bss           0x0000000000aff010        0x0 ./libcsud.a(device.hub.c.o)
 .comment       0x0000000000000000       0x12 ./libcsud.a(device.hub.c.o)
 .ARM.attributes
                0x0000000000aff010       0x32 ./libcsud.a(device.hub.c.o)
 *fill*         0x0000000000aff042        0x2 
 .text          0x0000000000aff044     0x160c ./libcsud.a(hcd.designware20.c.o)
                0x0000000000aff044                WriteThroughRegMask
                0x0000000000aff0d8                WriteThroughReg
                0x0000000000aff0e0                ReadBackReg
                0x0000000000aff184                ClearReg
                0x0000000000aff1ec                SetReg
                0x0000000000aff288                HcdReset
                0x0000000000aff338                HcdTransmitFifoFlush
                0x0000000000aff3cc                HcdReceiveFifoFlush
                0x0000000000aff444                HcdPrepareChannel
                0x0000000000aff75c                HcdTransmitChannel
                0x0000000000aff808                HcdChannelInterruptToError
                0x0000000000aff8e4                HcdChannelSendWaitOne
                0x0000000000affba0                HcdChannelSendWait
                0x0000000000affcb8                HcdSumbitControlMessage
                0x0000000000afff00                HcdInitialise
                0x0000000000b00094                HcdStart
                0x0000000000b005f0                HcdStop
                0x0000000000b00614                HcdDeinitialise
 .bss           0x0000000000b00650       0x14 ./libcsud.a(hcd.designware20.c.o)
                0x0000000000b00650                Core
                0x0000000000b00654                Host
                0x0000000000b00658                Power
                0x0000000000b0065c                databuffer
                0x0000000000b00660                PhyInitialised
 .comment       0x0000000000000000       0x12 ./libcsud.a(hcd.designware20.c.o)
 .ARM.attributes
                0x0000000000b00664       0x32 ./libcsud.a(hcd.designware20.c.o)
 *fill*         0x0000000000b00696        0x2 
 COMMON         0x0000000000b00698        0xc ./libcsud.a(hcd.designware20.c.o)
                0x0000000000b00698                CorePhysical
                0x0000000000b0069c                HostPhysical
                0x0000000000b006a0                PowerPhysical
 .text          0x0000000000b006a4      0x6f0 ./libcsud.a(hcd.designware20.roothub.c.o)
                0x0000000000b006a4                HcdProcessRootHubMessage
 .bss           0x0000000000b00d94        0x4 ./libcsud.a(hcd.designware20.roothub.c.o)
                0x0000000000b00d94                RootHubDeviceNumber
 .comment       0x0000000000000000       0x12 ./libcsud.a(hcd.designware20.roothub.c.o)
 .ARM.attributes
                0x0000000000b00d98       0x32 ./libcsud.a(hcd.designware20.roothub.c.o)
 *fill*         0x0000000000b00dca        0x2 
 .text          0x0000000000b00dcc      0x16c ./libcsud.a(platform.armv6.c.o)
                0x0000000000b00dcc                __aeabi_uidivmod
                0x0000000000b00f00                __aeabi_uidiv
 .bss           0x0000000000b00f38        0x0 ./libcsud.a(platform.armv6.c.o)
 .comment       0x0000000000000000       0x12 ./libcsud.a(platform.armv6.c.o)
 .ARM.attributes
                0x0000000000b00f38       0x32 ./libcsud.a(platform.armv6.c.o)
 *fill*         0x0000000000b00f6a        0x2 
 .text          0x0000000000b00f6c      0x11c ./libcsud.a(platform.broadcom2835.c.o)
                0x0000000000b00f6c                MicroDelay
                0x0000000000b00fdc                PowerOnUsb
 .bss           0x0000000000b01088        0x0 ./libcsud.a(platform.broadcom2835.c.o)
 .comment       0x0000000000000000       0x12 ./libcsud.a(platform.broadcom2835.c.o)
 .ARM.attributes
                0x0000000000b01088       0x32 ./libcsud.a(platform.broadcom2835.c.o)

.text           0x0000000000b010bc     0x1618
 *.c.o(.text)
 *(.text)
 .text          0x0000000000b010bc      0x140 build/DrawImage.o
                0x0000000000b010bc                DrawImage
                0x0000000000b01118                DrawImageTransparency
                0x0000000000b01180                DrawBackground
 .text          0x0000000000b011fc      0x250 build/alien.o
                0x0000000000b011fc                alien
                0x0000000000b01368                alienAlive
                0x0000000000b013a4                alienxPosition
                0x0000000000b013e0                alienyPosition
 .text          0x0000000000b0144c        0x0 build/alien1_a.o
 .text          0x0000000000b0144c        0x0 build/alien1_b.o
 .text          0x0000000000b0144c        0x0 build/alien2_a.o
 .text          0x0000000000b0144c        0x0 build/alien2_b.o
 .text          0x0000000000b0144c        0x0 build/alien3_a.o
 .text          0x0000000000b0144c        0x0 build/alien3_b.o
 .text          0x0000000000b0144c      0x1dc build/drawing.o
                0x0000000000b0144c                SetForeColour
                0x0000000000b01464                SetGraphicsAddress
                0x0000000000b01470                DrawPixel
                0x0000000000b014bc                DrawLine
                0x0000000000b01538                DrawCharacter
                0x0000000000b015a4                DrawString
 .text          0x0000000000b01628      0x278 build/figuras.o
                0x0000000000b01628                DrawCircle
                0x0000000000b01788                DrawRectangle
                0x0000000000b017c4                DrawTriangle
                0x0000000000b0180c                DrawTriangleI
                0x0000000000b01858                DrawTriangleRectangle
 .text          0x0000000000b018a0       0x60 build/frameBuffer.o
                0x0000000000b018a0                InitialiseFrameBuffer
 .text          0x0000000000b01900        0x0 build/gameover.o
 .text          0x0000000000b01900       0xb8 build/gpio.o
                0x0000000000b01900                GetGpioAddress
                0x0000000000b01908                SetGpioFunction
                0x0000000000b01958                SetGpio
                0x0000000000b01994                GetGpio
 .text          0x0000000000b019b8      0x144 build/keyboard.o
                0x0000000000b019b8                KeyboardUpdate
                0x0000000000b01a3c                KeyWasDown
                0x0000000000b01a6c                KeyboardGetChar
 .text          0x0000000000b01afc       0x6c build/mailbox.o
                0x0000000000b01afc                GetMailboxBase
                0x0000000000b01b04                MailboxRead
                0x0000000000b01b38                MailboxWrite
 .text          0x0000000000b01b68       0x84 build/main.o
 .text          0x0000000000b01bec        0x0 build/mann.o
 .text          0x0000000000b01bec       0x48 build/maths.o
                0x0000000000b01bec                DivideU32
 .text          0x0000000000b01c34        0x0 build/menu.o
 .text          0x0000000000b01c34      0x164 build/music.o
                0x0000000000b01c34                FirstStep
                0x0000000000b01c78                DayOne
                0x0000000000b01d90                DayOneCounter
                0x0000000000b01d94                FirstStepCounter
 .text          0x0000000000b01d98       0x18 build/random.o
                0x0000000000b01d98                Random
 .text          0x0000000000b01db0      0x1cc build/screen.o
                0x0000000000b01db0                screen1
                0x0000000000b01e04                screen2
                0x0000000000b01ed0                screen3
                0x0000000000b01f18                screen4
                0x0000000000b01f34                screen5
 .text          0x0000000000b01f7c        0x0 build/select.o
 .text          0x0000000000b01f7c      0x198 build/sounds.o
                0x0000000000b01f7c                shotSound
                0x0000000000b02000                specialSound
                0x0000000000b02084                buzzer
 .text          0x0000000000b02114       0x40 build/systemTimer.o
                0x0000000000b02114                GetSystemTimerBase
                0x0000000000b0211c                GetTimeStamp
                0x0000000000b0212c                Wait
 .text          0x0000000000b02154       0x74 build/tags.o
                0x0000000000b02154                FindTag
 .text          0x0000000000b021c8      0x328 build/tank.o
                0x0000000000b021c8                tank
                0x0000000000b0248c                player_Xposition
                0x0000000000b02490                player_Yposition
                0x0000000000b02494                player_lives
                0x0000000000b02498                player_points
                0x0000000000b0249c                player_special
                0x0000000000b024a0                selectedTank
 .text          0x0000000000b024f0        0x0 build/tank_blue.o
 .text          0x0000000000b024f0        0x0 build/tank_green.o
 .text          0x0000000000b024f0        0x0 build/tank_red.o
 .text          0x0000000000b024f0        0x0 build/tank_white.o
 .text          0x0000000000b024f0      0x1e4 build/text.o
                0x0000000000b024f0                ReverseString
                0x0000000000b0251c                UnsignedString
                0x0000000000b0256c                SignedString
                0x0000000000b02598                FormatString
 .text          0x0000000000b026d4        0x0 build/voyage.o
 .text          0x0000000000b026d4        0x0 build/win.o

/DISCARD/
 *(*)
OUTPUT(build/output.elf elf32-littlearm)
